Archive member included because of file (symbol)

/usr/local/CodeSourcery/bin/../lib/gcc/arm-none-eabi/4.5.2/../../../../arm-none-eabi/lib/thumb2/libm.a(lib_a-s_floor.o)
                              Debug/main.o (floor)
/usr/local/CodeSourcery/bin/../lib/gcc/arm-none-eabi/4.5.2/thumb2/libgcc.a(_arm_addsubdf3.o)
                              Debug/hlt.o (__aeabi_dsub)
/usr/local/CodeSourcery/bin/../lib/gcc/arm-none-eabi/4.5.2/thumb2/libgcc.a(_arm_muldivdf3.o)
                              Debug/hlt.o (__aeabi_dmul)
/usr/local/CodeSourcery/bin/../lib/gcc/arm-none-eabi/4.5.2/thumb2/libgcc.a(_arm_cmpdf2.o)
                              Debug/ds1820.o (__aeabi_dcmplt)
/usr/local/CodeSourcery/bin/../lib/gcc/arm-none-eabi/4.5.2/thumb2/libgcc.a(_arm_fixunsdfsi.o)
                              Debug/main.o (__aeabi_d2uiz)
/usr/local/CodeSourcery/bin/../lib/gcc/arm-none-eabi/4.5.2/thumb2/libgcc.a(_arm_truncdfsf2.o)
                              Debug/hlt.o (__aeabi_d2f)
/usr/local/CodeSourcery/bin/../lib/gcc/arm-none-eabi/4.5.2/thumb2/libgcc.a(_arm_addsubsf3.o)
                              Debug/hlt.o (__aeabi_fsub)
/usr/local/CodeSourcery/bin/../lib/gcc/arm-none-eabi/4.5.2/thumb2/libgcc.a(_arm_muldivsf3.o)
                              Debug/hlt.o (__aeabi_fmul)
/usr/local/CodeSourcery/bin/../lib/gcc/arm-none-eabi/4.5.2/thumb2/libgcc.a(_arm_cmpsf2.o)
                              Debug/ds1820.o (__aeabi_fcmpeq)
/usr/local/CodeSourcery/bin/../lib/gcc/arm-none-eabi/4.5.2/thumb2/libgcc.a(_arm_fixsfsi.o)
                              Debug/hlt.o (__aeabi_f2iz)
/usr/local/CodeSourcery/bin/../lib/gcc/arm-none-eabi/4.5.2/../../../../arm-none-eabi/lib/thumb2/libc.a(lib_a-atof.o)
                              Debug/parameters.o (atof)
/usr/local/CodeSourcery/bin/../lib/gcc/arm-none-eabi/4.5.2/../../../../arm-none-eabi/lib/thumb2/libc.a(lib_a-atoi.o)
                              Debug/parameters.o (atoi)
/usr/local/CodeSourcery/bin/../lib/gcc/arm-none-eabi/4.5.2/../../../../arm-none-eabi/lib/thumb2/libc.a(lib_a-fflush.o)
                              Debug/serial.o (fflush)
/usr/local/CodeSourcery/bin/../lib/gcc/arm-none-eabi/4.5.2/../../../../arm-none-eabi/lib/thumb2/libc.a(lib_a-findfp.o)
                              /usr/local/CodeSourcery/bin/../lib/gcc/arm-none-eabi/4.5.2/../../../../arm-none-eabi/lib/thumb2/libc.a(lib_a-fflush.o) (__sinit)
/usr/local/CodeSourcery/bin/../lib/gcc/arm-none-eabi/4.5.2/../../../../arm-none-eabi/lib/thumb2/libc.a(lib_a-fwalk.o)
                              /usr/local/CodeSourcery/bin/../lib/gcc/arm-none-eabi/4.5.2/../../../../arm-none-eabi/lib/thumb2/libc.a(lib_a-findfp.o) (_fwalk)
/usr/local/CodeSourcery/bin/../lib/gcc/arm-none-eabi/4.5.2/../../../../arm-none-eabi/lib/thumb2/libc.a(lib_a-impure.o)
                              Debug/serial.o (_impure_ptr)
/usr/local/CodeSourcery/bin/../lib/gcc/arm-none-eabi/4.5.2/../../../../arm-none-eabi/lib/thumb2/libc.a(lib_a-malloc.o)
                              Debug/ds1820.o (malloc)
/usr/local/CodeSourcery/bin/../lib/gcc/arm-none-eabi/4.5.2/../../../../arm-none-eabi/lib/thumb2/libc.a(lib_a-memcmp.o)
                              Debug/tasks.o (memcmp)
/usr/local/CodeSourcery/bin/../lib/gcc/arm-none-eabi/4.5.2/../../../../arm-none-eabi/lib/thumb2/libc.a(lib_a-memcpy.o)
                              Debug/serial.o (memcpy)
/usr/local/CodeSourcery/bin/../lib/gcc/arm-none-eabi/4.5.2/../../../../arm-none-eabi/lib/thumb2/libc.a(lib_a-memset.o)
                              Debug/tasks.o (memset)
/usr/local/CodeSourcery/bin/../lib/gcc/arm-none-eabi/4.5.2/../../../../arm-none-eabi/lib/thumb2/libc.a(lib_a-putchar.o)
                              Debug/printf-stdarg.o (putchar)
/usr/local/CodeSourcery/bin/../lib/gcc/arm-none-eabi/4.5.2/../../../../arm-none-eabi/lib/thumb2/libc.a(lib_a-puts.o)
                              Debug/main.o (puts)
/usr/local/CodeSourcery/bin/../lib/gcc/arm-none-eabi/4.5.2/../../../../arm-none-eabi/lib/thumb2/libc.a(lib_a-reent.o)
                              Debug/stf_syscalls_minimal.o (errno)
/usr/local/CodeSourcery/bin/../lib/gcc/arm-none-eabi/4.5.2/../../../../arm-none-eabi/lib/thumb2/libc.a(lib_a-stdio.o)
                              /usr/local/CodeSourcery/bin/../lib/gcc/arm-none-eabi/4.5.2/../../../../arm-none-eabi/lib/thumb2/libc.a(lib_a-findfp.o) (__sread)
/usr/local/CodeSourcery/bin/../lib/gcc/arm-none-eabi/4.5.2/../../../../arm-none-eabi/lib/thumb2/libc.a(lib_a-strcat.o)
                              Debug/tasks.o (strcat)
/usr/local/CodeSourcery/bin/../lib/gcc/arm-none-eabi/4.5.2/../../../../arm-none-eabi/lib/thumb2/libc.a(lib_a-strcmp.o)
                              Debug/serial.o (strcmp)
/usr/local/CodeSourcery/bin/../lib/gcc/arm-none-eabi/4.5.2/../../../../arm-none-eabi/lib/thumb2/libc.a(lib_a-strcpy.o)
                              Debug/serial.o (strcpy)
/usr/local/CodeSourcery/bin/../lib/gcc/arm-none-eabi/4.5.2/../../../../arm-none-eabi/lib/thumb2/libc.a(lib_a-strlen.o)
[...]
Memory Configuration

Name             Origin             Length             Attributes
FLASH            0x00000000         0x00080000         xr
SRAM             0x20000000         0x00010000         xrw
*default*        0x00000000         0xffffffff

Linker script and memory map

LOAD Debug/main.o
LOAD Debug/lcd.o
LOAD Debug/printf-stdarg.o
LOAD Debug/touch.o
LOAD Debug/serial.o
LOAD Debug/adc.o
LOAD Debug/leds.o
LOAD Debug/buffer.o
LOAD Debug/hlt.o
LOAD Debug/mash_pump.o
LOAD Debug/mill.o
LOAD Debug/boil.o
LOAD Debug/hop_dropper.o
LOAD Debug/stir.o
LOAD Debug/stirApplet.o
LOAD Debug/menu.o
LOAD Debug/valves.o
LOAD Debug/diag_temps.o
LOAD Debug/crane.o
LOAD Debug/speaker.o
LOAD Debug/timer.o
LOAD Debug/ds1820.o
LOAD Debug/Flow1.o
LOAD Debug/diag_pwm.o
LOAD Debug/I2C-IO.o
LOAD Debug/chiller_pump.o
LOAD Debug/console.o
LOAD Debug/brew.o
LOAD Debug/parameters.o
LOAD Debug/boil_valve.o
LOAD Debug/stf_syscalls_minimal.o
LOAD Debug/io_util.o
LOAD Debug/core_cm3.o
LOAD Debug/system_stm32f10x.o
LOAD Debug/stm32f10x_it.o
LOAD Debug/stm32f10x_i2c.o
LOAD Debug/misc.o
LOAD Debug/stm32f10x_rcc.o
LOAD Debug/stm32f10x_gpio.o
LOAD Debug/stm32f10x_spi.o
LOAD Debug/stm32f10x_tim.o
LOAD Debug/stm32f10x_usart.o
LOAD Debug/stm32f10x_fsmc.o
LOAD Debug/stm32f10x_flash.o
LOAD Debug/stm32f10x_adc.o
LOAD Debug/stm32f10x_exti.o
LOAD Debug/list.o
LOAD Debug/queue.o
LOAD Debug/tasks.o
LOAD Debug/port.o
LOAD Debug/heap_2.o
LOAD Debug/startup_stm32f10x.o
LOAD /usr/local/CodeSourcery/bin/../lib/gcc/arm-none-eabi/4.5.2/../../../../arm-none-eabi/lib/thumb2/libm.a
START GROUP
LOAD /usr/local/CodeSourcery/bin/../lib/gcc/arm-none-eabi/4.5.2/thumb2/libgcc.a
LOAD /usr/local/CodeSourcery/bin/../lib/gcc/arm-none-eabi/4.5.2/../../../../arm-none-eabi/lib/thumb2/libc.a
END GROUP

.text           0x00000000    0x3ac18
 *(.isr_vector)
 .isr_vector    0x00000000      0x1e0 Debug/startup_stm32f10x.o
                0x00000000                g_pfnVectors
 *(.text .text.* .gnu.linkonce.t.*)
 .text          0x000001e0        0x0 Debug/main.o
 .text.__enable_irq
                0x000001e0        0xc Debug/main.o
 .text.__disable_irq
                0x000001ec        0xc Debug/main.o
 .text.__enable_fault_irq
                0x000001f8        0xc Debug/main.o
 .text.__disable_fault_irq
                0x00000204        0xc Debug/main.o
 .text.__NOP    0x00000210        0xc Debug/main.o
 .text.__WFI    0x0000021c        0xc Debug/main.o
 .text.__WFE    0x00000228        0xc Debug/main.o
 .text.__SEV    0x00000234        0xc Debug/main.o
 .text.__ISB    0x00000240       0x10 Debug/main.o
 .text.__DSB    0x00000250       0x10 Debug/main.o
 .text.__DMB    0x00000260       0x10 Debug/main.o
 .text.__CLREX  0x00000270       0x10 Debug/main.o
 .text.NVIC_SetPriorityGrouping
                0x00000280       0x4c Debug/main.o
 .text.NVIC_GetPriorityGrouping
                0x000002cc       0x1c Debug/main.o
 .text.NVIC_EnableIRQ
                0x000002e8       0x34 Debug/main.o
 .text.NVIC_DisableIRQ
                0x0000031c       0x38 Debug/main.o
 .text.NVIC_GetPendingIRQ
                0x00000354       0x4c Debug/main.o
 .text.NVIC_SetPendingIRQ
                0x000003a0       0x38 Debug/main.o
 .text.NVIC_ClearPendingIRQ
                0x000003d8       0x38 Debug/main.o
 .text.NVIC_GetActive
                0x00000410       0x4c Debug/main.o
 .text.NVIC_SetPriority
                0x0000045c       0x58 Debug/main.o
 .text.NVIC_GetPriority
                0x000004b4       0x54 Debug/main.o
 .text.NVIC_EncodePriority
                0x00000508       0x7c Debug/main.o
 .text.NVIC_DecodePriority
                0x00000584       0x7c Debug/main.o
 .text.SysTick_Config
                0x00000600       0x54 Debug/main.o
 .text.NVIC_SystemReset
                0x00000654       0x24 Debug/main.o
 .text.ITM_SendChar
                0x00000678       0x60 Debug/main.o
 .text.ITM_ReceiveChar
                0x000006d8       0x38 Debug/main.o
 .text.ITM_CheckChar
                0x00000710       0x28 Debug/main.o
 .text.item_1_callback
                0x00000738       0x28 Debug/main.o
                0x00000738                item_1_callback
 .text.item_2_callback
                0x00000760       0x50 Debug/main.o
                0x00000760                item_2_callback
 .text.example_applet
                0x000007b0       0x44 Debug/main.o
                0x000007b0                example_applet
 .text.example_applet_touch_handler
                0x000007f4       0x64 Debug/main.o
                0x000007f4                example_applet_touch_handler
 .text.vCheckTask
                0x00000858      0x3fc Debug/main.o
                0x00000858                vCheckTask
 .text.main     0x00000c54      0x350 Debug/main.o
                0x00000c54                main
 .text.prvSetupHardware
                0x00000fa4       0xcc Debug/main.o
 .text.vApplicationStackOverflowHook
                0x00001070       0x3c Debug/main.o
                0x00001070                vApplicationStackOverflowHook
 .text.vApplicationIdleHook
                0x000010ac       0x1c Debug/main.o
                0x000010ac                vApplicationIdleHook
 .text.assert_failed
                0x000010c8       0x1c Debug/main.o
                0x000010c8                assert_failed
 .text          0x000010e4        0x0 Debug/lcd.o
 .text.__enable_irq
                0x000010e4        0xc Debug/lcd.o
 .text.__disable_irq
                0x000010f0        0xc Debug/lcd.o
 .text.__enable_fault_irq
                0x000010fc        0xc Debug/lcd.o
 .text.__disable_fault_irq
                0x00001108        0xc Debug/lcd.o
 .text.__NOP    0x00001114        0xc Debug/lcd.o
 .text.__WFI    0x00001120        0xc Debug/lcd.o
 .text.__WFE    0x0000112c        0xc Debug/lcd.o
 .text.__SEV    0x00001138        0xc Debug/lcd.o
 .text.__ISB    0x00001144       0x10 Debug/lcd.o
 .text.__DSB    0x00001154       0x10 Debug/lcd.o
 .text.__DMB    0x00001164       0x10 Debug/lcd.o
 .text.__CLREX  0x00001174       0x10 Debug/lcd.o
 .text.NVIC_SetPriorityGrouping
                0x00001184       0x4c Debug/lcd.o
 .text.NVIC_GetPriorityGrouping
                0x000011d0       0x1c Debug/lcd.o
 .text.NVIC_EnableIRQ
                0x000011ec       0x34 Debug/lcd.o
 .text.NVIC_DisableIRQ
                0x00001220       0x38 Debug/lcd.o
 .text.NVIC_GetPendingIRQ
                0x00001258       0x4c Debug/lcd.o
 .text.NVIC_SetPendingIRQ
                0x000012a4       0x38 Debug/lcd.o
 .text.NVIC_ClearPendingIRQ
                0x000012dc       0x38 Debug/lcd.o
 .text.NVIC_GetActive
                0x00001314       0x4c Debug/lcd.o
 .text.NVIC_SetPriority
                0x00001360       0x58 Debug/lcd.o
 .text.NVIC_GetPriority
                0x000013b8       0x54 Debug/lcd.o
 .text.NVIC_EncodePriority
                0x0000140c       0x7c Debug/lcd.o
 .text.NVIC_DecodePriority
                0x00001488       0x7c Debug/lcd.o
 .text.SysTick_Config
                0x00001504       0x54 Debug/lcd.o
 .text.NVIC_SystemReset
                0x00001558       0x24 Debug/lcd.o
 .text.ITM_SendChar
                0x0000157c       0x60 Debug/lcd.o
 .text.ITM_ReceiveChar
                0x000015dc       0x38 Debug/lcd.o
 .text.ITM_CheckChar
                0x00001614       0x28 Debug/lcd.o
 .text.Delay    0x0000163c       0x40 Debug/lcd.o
                0x0000163c                Delay
 .text.write_cmd
                0x0000167c       0x1c Debug/lcd.o
 .text.read_data
                0x00001698       0x18 Debug/lcd.o
 .text.write_data
                0x000016b0       0x20 Debug/lcd.o
 .text.write_reg
                0x000016d0       0x28 Debug/lcd.o
 .text.read_reg
                0x000016f8       0x30 Debug/lcd.o
 .text.lcd_getdeviceid
                0x00001728       0x14 Debug/lcd.o
                0x00001728                lcd_getdeviceid
 .text.BGR2RGB  0x0000173c       0x50 Debug/lcd.o
                0x0000173c                BGR2RGB
 .text.lcd_SetCursor
                0x0000178c       0x30 Debug/lcd.o
                0x0000178c                lcd_SetCursor
 .text.lcd_read_gram
                0x000017bc       0x38 Debug/lcd.o
                0x000017bc                lcd_read_gram
 .text.lcd_init
                0x000017f4       0x90 Debug/lcd.o
                0x000017f4                lcd_init
 .text.LCD_FSMCConfig
                0x00001884       0xa4 Debug/lcd.o
 .text.lcd_port_init
                0x00001928       0xbc Debug/lcd.o
 .text.power_SET
                0x000019e4      0x160 Debug/lcd.o
 .text.gamma_SET
                0x00001b44       0x90 Debug/lcd.o
 .text.display_ON
                0x00001bd4       0x64 Debug/lcd.o
 .text.display_OFF
                0x00001c38       0x24 Debug/lcd.o
 .text.lcd_data_bus_test
                0x00001c5c       0xa8 Debug/lcd.o
 .text.lcd_gram_test
                0x00001d04       0xe8 Debug/lcd.o
 .text.LCD_SetDisplayWindow
                0x00001dec       0xa4 Debug/lcd.o
                0x00001dec                LCD_SetDisplayWindow
 .text.lcd_write_ram_prepare
                0x00001e90       0x10 Debug/lcd.o
 .text.lcd_set_cursor
                0x00001ea0       0x38 Debug/lcd.o
 .text.lcd_char_xy
                0x00001ed8       0xac Debug/lcd.o
 .text.lcd_DrawHLine
                0x00001f84       0x54 Debug/lcd.o
 .text.lcd_DrawVLine
                0x00001fd8       0x54 Debug/lcd.o
 .text.lcd_lock
                0x0000202c       0x40 Debug/lcd.o
                0x0000202c                lcd_lock
 .text.lcd_release
                0x0000206c       0x2c Debug/lcd.o
                0x0000206c                lcd_release
 .text.lcd_text_xy
                0x00002098       0xb0 Debug/lcd.o
                0x00002098                lcd_text_xy
 .text.lcd_text
                0x00002148       0x44 Debug/lcd.o
                0x00002148                lcd_text
 .text.lcd_fill
                0x0000218c       0x94 Debug/lcd.o
                0x0000218c                lcd_fill
 .text.lcd_printf
                0x00002220       0xb4 Debug/lcd.o
                0x00002220                lcd_printf
 .text.lcd_clear
                0x000022d4       0x78 Debug/lcd.o
                0x000022d4                lcd_clear
 .text.lcd_background
                0x0000234c       0x20 Debug/lcd.o
                0x0000234c                lcd_background
 .text.lcd_DrawRect
                0x0000236c       0xb0 Debug/lcd.o
                0x0000236c                lcd_DrawRect
 .text.display_on
                0x0000241c       0x14 Debug/lcd.o
                0x0000241c                display_on
 .text.display_off
                0x00002430       0x20 Debug/lcd.o
                0x00002430                display_off
 .text          0x00002450        0x0 Debug/printf-stdarg.o
 .text.printchar
                0x00002450       0x38 Debug/printf-stdarg.o
 .text.prints   0x00002488       0xd0 Debug/printf-stdarg.o
 .text.printi   0x00002558       0xf4 Debug/printf-stdarg.o
 .text.print    0x0000264c      0x218 Debug/printf-stdarg.o
 .text.printf   0x00002864       0x2c Debug/printf-stdarg.o
                0x00002864                printf
 .text.sprintf  0x00002890       0x30 Debug/printf-stdarg.o
                0x00002890                sprintf
 .text.snprintf
                0x000028c0       0x34 Debug/printf-stdarg.o
                0x000028c0                snprintf
 .text          0x000028f4        0x0 Debug/touch.o
 .text.__enable_irq
                0x000028f4        0xc Debug/touch.o
 .text.__disable_irq
                0x00002900        0xc Debug/touch.o
 .text.__enable_fault_irq
                0x0000290c        0xc Debug/touch.o
 .text.__disable_fault_irq
                0x00002918        0xc Debug/touch.o
 .text.__NOP    0x00002924        0xc Debug/touch.o
 .text.__WFI    0x00002930        0xc Debug/touch.o
 .text.__WFE    0x0000293c        0xc Debug/touch.o
 .text.__SEV    0x00002948        0xc Debug/touch.o
 .text.__ISB    0x00002954       0x10 Debug/touch.o
 .text.__DSB    0x00002964       0x10 Debug/touch.o
 .text.__DMB    0x00002974       0x10 Debug/touch.o
 .text.__CLREX  0x00002984       0x10 Debug/touch.o
 .text.NVIC_SetPriorityGrouping
                0x00002994       0x4c Debug/touch.o
 .text.NVIC_GetPriorityGrouping
                0x000029e0       0x1c Debug/touch.o
 .text.NVIC_EnableIRQ
                0x000029fc       0x34 Debug/touch.o
 .text.NVIC_DisableIRQ
                0x00002a30       0x38 Debug/touch.o
 .text.NVIC_GetPendingIRQ
                0x00002a68       0x4c Debug/touch.o
 .text.NVIC_SetPendingIRQ
                0x00002ab4       0x38 Debug/touch.o
 .text.NVIC_ClearPendingIRQ
                0x00002aec       0x38 Debug/touch.o
 .text.NVIC_GetActive
                0x00002b24       0x4c Debug/touch.o
 .text.NVIC_SetPriority
                0x00002b70       0x58 Debug/touch.o
 .text.NVIC_GetPriority
                0x00002bc8       0x54 Debug/touch.o
 .text.NVIC_EncodePriority
                0x00002c1c       0x7c Debug/touch.o
 .text.NVIC_DecodePriority
                0x00002c98       0x7c Debug/touch.o
 .text.SysTick_Config
                0x00002d14       0x54 Debug/touch.o
 .text.NVIC_SystemReset
                0x00002d68       0x24 Debug/touch.o
 .text.ITM_SendChar
                0x00002d8c       0x60 Debug/touch.o
 .text.ITM_ReceiveChar
                0x00002dec       0x38 Debug/touch.o
 .text.ITM_CheckChar
                0x00002e24       0x28 Debug/touch.o
 .text.SPI_CS   0x00002e4c       0x34 Debug/touch.o
                0x00002e4c                SPI_CS
 .text.SPI_DIN  0x00002e80       0x34 Debug/touch.o
                0x00002e80                SPI_DIN
 .text.SPI_CLK  0x00002eb4       0x34 Debug/touch.o
                0x00002eb4                SPI_CLK
 .text.SPI_DOUT
                0x00002ee8       0x18 Debug/touch.o
                0x00002ee8                SPI_DOUT
 .text.SPI_delay
                0x00002f00       0x2c Debug/touch.o
                0x00002f00                SPI_delay
 .text.Touch_Start
                0x00002f2c       0x30 Debug/touch.o
                0x00002f2c                Touch_Start
 .text.Touch_Write
                0x00002f5c       0x64 Debug/touch.o
                0x00002f5c                Touch_Write
 .text.Touch_Read
                0x00002fc0       0x58 Debug/touch.o
                0x00002fc0                Touch_Read
 .text.Touch_Busy
                0x00003018       0x18 Debug/touch.o
                0x00003018                Touch_Busy
 .text.Touch_PenIRQ
                0x00003030       0x18 Debug/touch.o
                0x00003030                Touch_PenIRQ
 .text.Touch_Initializtion
                0x00003048       0xf8 Debug/touch.o
                0x00003048                Touch_Initializtion
 .text._AD2X    0x00003140       0x60 Debug/touch.o
                0x00003140                _AD2X
 .text._AD2Y    0x000031a0       0x64 Debug/touch.o
                0x000031a0                _AD2Y
 .text.Touch_MeasurementY
                0x00003204       0x80 Debug/touch.o
                0x00003204                Touch_MeasurementY
 .text.Touch_MeasurementX
                0x00003284       0x80 Debug/touch.o
                0x00003284                Touch_MeasurementX
 .text.Touch_GetPhyX
                0x00003304       0x40 Debug/touch.o
                0x00003304                Touch_GetPhyX
 .text.Touch_GetPhyY
                0x00003344       0x40 Debug/touch.o
                0x00003344                Touch_GetPhyY
 .text.vTouchTask
                0x00003384       0x94 Debug/touch.o
                0x00003384                vTouchTask
 .text          0x00003418        0x0 Debug/serial.o
 .text.__enable_irq
                0x00003418        0xc Debug/serial.o
 .text.__disable_irq
                0x00003424        0xc Debug/serial.o
 .text.__enable_fault_irq
                0x00003430        0xc Debug/serial.o
 .text.__disable_fault_irq
                0x0000343c        0xc Debug/serial.o
 .text.__NOP    0x00003448        0xc Debug/serial.o
 .text.__WFI    0x00003454        0xc Debug/serial.o
 .text.__WFE    0x00003460        0xc Debug/serial.o
 .text.__SEV    0x0000346c        0xc Debug/serial.o
 .text.__ISB    0x00003478       0x10 Debug/serial.o
 .text.__DSB    0x00003488       0x10 Debug/serial.o
 .text.__DMB    0x00003498       0x10 Debug/serial.o
 .text.__CLREX  0x000034a8       0x10 Debug/serial.o
 .text.NVIC_SetPriorityGrouping
                0x000034b8       0x4c Debug/serial.o
 .text.NVIC_GetPriorityGrouping
                0x00003504       0x1c Debug/serial.o
 .text.NVIC_EnableIRQ
                0x00003520       0x34 Debug/serial.o
 .text.NVIC_DisableIRQ
                0x00003554       0x38 Debug/serial.o
 .text.NVIC_GetPendingIRQ
                0x0000358c       0x4c Debug/serial.o
 .text.NVIC_SetPendingIRQ
                0x000035d8       0x38 Debug/serial.o
 .text.NVIC_ClearPendingIRQ
                0x00003610       0x38 Debug/serial.o
 .text.NVIC_GetActive
                0x00003648       0x4c Debug/serial.o
 .text.NVIC_SetPriority
                0x00003694       0x58 Debug/serial.o
 .text.NVIC_GetPriority
                0x000036ec       0x54 Debug/serial.o
 .text.NVIC_EncodePriority
                0x00003740       0x7c Debug/serial.o
 .text.NVIC_DecodePriority
                0x000037bc       0x7c Debug/serial.o
 .text.SysTick_Config
                0x00003838       0x54 Debug/serial.o
 .text.NVIC_SystemReset
                0x0000388c       0x24 Debug/serial.o
 .text.ITM_SendChar
                0x000038b0       0x60 Debug/serial.o
 .text.ITM_ReceiveChar
                0x00003910       0x38 Debug/serial.o
 .text.ITM_CheckChar
                0x00003948       0x28 Debug/serial.o
 .text.comm_test
                0x00003970       0x24 Debug/serial.o
                0x00003970                comm_test
 .text.comm_get
                0x00003994       0x48 Debug/serial.o
                0x00003994                comm_get
 .text.comm_put
                0x000039dc       0x34 Debug/serial.o
                0x000039dc                comm_put
 .text.comm_puts
                0x00003a10       0x38 Debug/serial.o
                0x00003a10                comm_puts
 .text.USARTInit
                0x00003a48      0x15c Debug/serial.o
                0x00003a48                USARTInit
 .text.USART1_IRQHandler
                0x00003ba4       0xa8 Debug/serial.o
                0x00003ba4                USART1_IRQHandler
 .text.vSerialHandlerTask
                0x00003c4c      0x1a8 Debug/serial.o
                0x00003c4c                vSerialHandlerTask
 .text.vSerialControlCentreTask
                0x00003df4       0xf8 Debug/serial.o
                0x00003df4                vSerialControlCentreTask
 .text          0x00003eec        0x0 Debug/adc.o
 .text.__enable_irq
                0x00003eec        0xc Debug/adc.o
 .text.__disable_irq
                0x00003ef8        0xc Debug/adc.o
 .text.__enable_fault_irq
                0x00003f04        0xc Debug/adc.o
 .text.__disable_fault_irq
                0x00003f10        0xc Debug/adc.o
 .text.__NOP    0x00003f1c        0xc Debug/adc.o
 .text.__WFI    0x00003f28        0xc Debug/adc.o
 .text.__WFE    0x00003f34        0xc Debug/adc.o
 .text.__SEV    0x00003f40        0xc Debug/adc.o
 .text.__ISB    0x00003f4c       0x10 Debug/adc.o
 .text.__DSB    0x00003f5c       0x10 Debug/adc.o
 .text.__DMB    0x00003f6c       0x10 Debug/adc.o
 .text.__CLREX  0x00003f7c       0x10 Debug/adc.o
 .text.NVIC_SetPriorityGrouping
                0x00003f8c       0x4c Debug/adc.o
 .text.NVIC_GetPriorityGrouping
                0x00003fd8       0x1c Debug/adc.o
 .text.NVIC_EnableIRQ
                0x00003ff4       0x34 Debug/adc.o
 .text.NVIC_DisableIRQ
                0x00004028       0x38 Debug/adc.o
 .text.NVIC_GetPendingIRQ
                0x00004060       0x4c Debug/adc.o
 .text.NVIC_SetPendingIRQ
                0x000040ac       0x38 Debug/adc.o
 .text.NVIC_ClearPendingIRQ
                0x000040e4       0x38 Debug/adc.o
 .text.NVIC_GetActive
                0x0000411c       0x4c Debug/adc.o
 .text.NVIC_SetPriority
                0x00004168       0x58 Debug/adc.o
 .text.NVIC_GetPriority
                0x000041c0       0x54 Debug/adc.o
 .text.NVIC_EncodePriority
                0x00004214       0x7c Debug/adc.o
 .text.NVIC_DecodePriority
                0x00004290       0x7c Debug/adc.o
 .text.SysTick_Config
                0x0000430c       0x54 Debug/adc.o
 .text.NVIC_SystemReset
                0x00004360       0x24 Debug/adc.o
 .text.ITM_SendChar
                0x00004384       0x60 Debug/adc.o
 .text.ITM_ReceiveChar
                0x000043e4       0x38 Debug/adc.o
 .text.ITM_CheckChar
                0x0000441c       0x28 Debug/adc.o
 .text.adc_init
                0x00004444       0x90 Debug/adc.o
                0x00004444                adc_init
 .text.read_adc
                0x000044d4       0x50 Debug/adc.o
                0x000044d4                read_adc
 .text          0x00004524        0x0 Debug/leds.o
 .text.__enable_irq
                0x00004524        0xc Debug/leds.o
 .text.__disable_irq
                0x00004530        0xc Debug/leds.o
 .text.__enable_fault_irq
                0x0000453c        0xc Debug/leds.o
 .text.__disable_fault_irq
                0x00004548        0xc Debug/leds.o
 .text.__NOP    0x00004554        0xc Debug/leds.o
 .text.__WFI    0x00004560        0xc Debug/leds.o
 .text.__WFE    0x0000456c        0xc Debug/leds.o
 .text.__SEV    0x00004578        0xc Debug/leds.o
 .text.__ISB    0x00004584       0x10 Debug/leds.o
 .text.__DSB    0x00004594       0x10 Debug/leds.o
 .text.__DMB    0x000045a4       0x10 Debug/leds.o
 .text.__CLREX  0x000045b4       0x10 Debug/leds.o
 .text.NVIC_SetPriorityGrouping
                0x000045c4       0x4c Debug/leds.o
 .text.NVIC_GetPriorityGrouping
                0x00004610       0x1c Debug/leds.o
 .text.NVIC_EnableIRQ
                0x0000462c       0x34 Debug/leds.o
 .text.NVIC_DisableIRQ
                0x00004660       0x38 Debug/leds.o
 .text.NVIC_GetPendingIRQ
                0x00004698       0x4c Debug/leds.o
 .text.NVIC_SetPendingIRQ
                0x000046e4       0x38 Debug/leds.o
 .text.NVIC_ClearPendingIRQ
                0x0000471c       0x38 Debug/leds.o
 .text.NVIC_GetActive
                0x00004754       0x4c Debug/leds.o
 .text.NVIC_SetPriority
                0x000047a0       0x58 Debug/leds.o
 .text.NVIC_GetPriority
                0x000047f8       0x54 Debug/leds.o
 .text.NVIC_EncodePriority
                0x0000484c       0x7c Debug/leds.o
 .text.NVIC_DecodePriority
                0x000048c8       0x7c Debug/leds.o
 .text.SysTick_Config
                0x00004944       0x54 Debug/leds.o
 .text.NVIC_SystemReset
                0x00004998       0x24 Debug/leds.o
 .text.ITM_SendChar
                0x000049bc       0x60 Debug/leds.o
 .text.ITM_ReceiveChar
                0x00004a1c       0x38 Debug/leds.o
 .text.ITM_CheckChar
                0x00004a54       0x28 Debug/leds.o
 .text.vLEDInit
                0x00004a7c       0x70 Debug/leds.o
                0x00004a7c                vLEDInit
 .text.vStartupLEDTask
                0x00004aec       0xb4 Debug/leds.o
                0x00004aec                vStartupLEDTask
 .text.vLEDFlashTask
                0x00004ba0       0x34 Debug/leds.o
                0x00004ba0                vLEDFlashTask
 .text.vLEDSet  0x00004bd4       0x44 Debug/leds.o
                0x00004bd4                vLEDSet
 .text.vLEDToggle
                0x00004c18       0x48 Debug/leds.o
                0x00004c18                vLEDToggle
 .text          0x00004c60        0x0 Debug/buffer.o
 .text.__enable_irq
                0x00004c60        0xc Debug/buffer.o
 .text.__disable_irq
                0x00004c6c        0xc Debug/buffer.o
 .text.__enable_fault_irq
                0x00004c78        0xc Debug/buffer.o
 .text.__disable_fault_irq
                0x00004c84        0xc Debug/buffer.o
 .text.__NOP    0x00004c90        0xc Debug/buffer.o
 .text.__WFI    0x00004c9c        0xc Debug/buffer.o
 .text.__WFE    0x00004ca8        0xc Debug/buffer.o
 .text.__SEV    0x00004cb4        0xc Debug/buffer.o
 .text.__ISB    0x00004cc0       0x10 Debug/buffer.o
 .text.__DSB    0x00004cd0       0x10 Debug/buffer.o
 .text.__DMB    0x00004ce0       0x10 Debug/buffer.o
 .text.__CLREX  0x00004cf0       0x10 Debug/buffer.o
 .text.NVIC_SetPriorityGrouping
                0x00004d00       0x4c Debug/buffer.o
 .text.NVIC_GetPriorityGrouping
                0x00004d4c       0x1c Debug/buffer.o
 .text.NVIC_EnableIRQ
                0x00004d68       0x34 Debug/buffer.o
 .text.NVIC_DisableIRQ
                0x00004d9c       0x38 Debug/buffer.o
 .text.NVIC_GetPendingIRQ
                0x00004dd4       0x4c Debug/buffer.o
 .text.NVIC_SetPendingIRQ
                0x00004e20       0x38 Debug/buffer.o
 .text.NVIC_ClearPendingIRQ
                0x00004e58       0x38 Debug/buffer.o
 .text.NVIC_GetActive
                0x00004e90       0x4c Debug/buffer.o
 .text.NVIC_SetPriority
                0x00004edc       0x58 Debug/buffer.o
 .text.NVIC_GetPriority
                0x00004f34       0x54 Debug/buffer.o
 .text.NVIC_EncodePriority
                0x00004f88       0x7c Debug/buffer.o
 .text.NVIC_DecodePriority
                0x00005004       0x7c Debug/buffer.o
 .text.SysTick_Config
                0x00005080       0x54 Debug/buffer.o
 .text.NVIC_SystemReset
                0x000050d4       0x24 Debug/buffer.o
 .text.ITM_SendChar
                0x000050f8       0x60 Debug/buffer.o
 .text.ITM_ReceiveChar
                0x00005158       0x38 Debug/buffer.o
 .text.ITM_CheckChar
                0x00005190       0x28 Debug/buffer.o
 .text.BufferInit
                0x000051b8       0x4c Debug/buffer.o
                0x000051b8                BufferInit
 .text.BufferPut
                0x00005204       0x68 Debug/buffer.o
                0x00005204                BufferPut
 .text.BufferGet
                0x0000526c       0x6c Debug/buffer.o
                0x0000526c                BufferGet
 .text.BufferIsEmpty
                0x000052d8       0x2c Debug/buffer.o
                0x000052d8                BufferIsEmpty
 .text          0x00005304        0x0 Debug/hlt.o
 .text.__enable_irq
                0x00005304        0xc Debug/hlt.o
 .text.__disable_irq
                0x00005310        0xc Debug/hlt.o
 .text.__enable_fault_irq
                0x0000531c        0xc Debug/hlt.o
 .text.__disable_fault_irq
                0x00005328        0xc Debug/hlt.o
 .text.__NOP    0x00005334        0xc Debug/hlt.o
 .text.__WFI    0x00005340        0xc Debug/hlt.o
 .text.__WFE    0x0000534c        0xc Debug/hlt.o
 .text.__SEV    0x00005358        0xc Debug/hlt.o
 .text.__ISB    0x00005364       0x10 Debug/hlt.o
 .text.__DSB    0x00005374       0x10 Debug/hlt.o
 .text.__DMB    0x00005384       0x10 Debug/hlt.o
 .text.__CLREX  0x00005394       0x10 Debug/hlt.o
 .text.NVIC_SetPriorityGrouping
                0x000053a4       0x4c Debug/hlt.o
 .text.NVIC_GetPriorityGrouping
                0x000053f0       0x1c Debug/hlt.o
 .text.NVIC_EnableIRQ
                0x0000540c       0x34 Debug/hlt.o
 .text.NVIC_DisableIRQ
                0x00005440       0x38 Debug/hlt.o
 .text.NVIC_GetPendingIRQ
                0x00005478       0x4c Debug/hlt.o
 .text.NVIC_SetPendingIRQ
                0x000054c4       0x38 Debug/hlt.o
 .text.NVIC_ClearPendingIRQ
                0x000054fc       0x38 Debug/hlt.o
 .text.NVIC_GetActive
                0x00005534       0x4c Debug/hlt.o
 .text.NVIC_SetPriority
                0x00005580       0x58 Debug/hlt.o
 .text.NVIC_GetPriority
                0x000055d8       0x54 Debug/hlt.o
 .text.NVIC_EncodePriority
                0x0000562c       0x7c Debug/hlt.o
 .text.NVIC_DecodePriority
                0x000056a8       0x7c Debug/hlt.o
 .text.SysTick_Config
                0x00005724       0x54 Debug/hlt.o
 .text.NVIC_SystemReset
                0x00005778       0x24 Debug/hlt.o
 .text.ITM_SendChar
                0x0000579c       0x60 Debug/hlt.o
 .text.ITM_ReceiveChar
                0x000057fc       0x38 Debug/hlt.o
 .text.ITM_CheckChar
                0x00005834       0x28 Debug/hlt.o
 .text.hlt_init
                0x0000585c       0xf0 Debug/hlt.o
                0x0000585c                hlt_init
 *fill*         0x0000594c        0x4 00
 .text.vTaskBrewHLT
                0x00005950      0x680 Debug/hlt.o
                0x00005950                vTaskBrewHLT
 .text.vTaskHLTLevelChecker
                0x00005fd0      0x134 Debug/hlt.o
                0x00005fd0                vTaskHLTLevelChecker
 .text.vTaskHeatHLT
                0x00006104       0xf4 Debug/hlt.o
                0x00006104                vTaskHeatHLT
 .text.vHLTApplet
                0x000061f8      0x1ec Debug/hlt.o
                0x000061f8                vHLTApplet
 *fill*         0x000063e4        0x4 00
 .text.vHLTAppletDisplay
                0x000063e8      0x398 Debug/hlt.o
                0x000063e8                vHLTAppletDisplay
 .text.vHLTAppletCallback
                0x00006780       0x14 Debug/hlt.o
                0x00006780                vHLTAppletCallback
 .text.HLTKey   0x00006794      0x1b8 Debug/hlt.o
                0x00006794                HLTKey
 .text          0x0000694c        0x0 Debug/mash_pump.o
 .text.__enable_irq
                0x0000694c        0xc Debug/mash_pump.o
 .text.__disable_irq
                0x00006958        0xc Debug/mash_pump.o
 .text.__enable_fault_irq
                0x00006964        0xc Debug/mash_pump.o
 .text.__disable_fault_irq
                0x00006970        0xc Debug/mash_pump.o
 .text.__NOP    0x0000697c        0xc Debug/mash_pump.o
 .text.__WFI    0x00006988        0xc Debug/mash_pump.o
 .text.__WFE    0x00006994        0xc Debug/mash_pump.o
 .text.__SEV    0x000069a0        0xc Debug/mash_pump.o
 .text.__ISB    0x000069ac       0x10 Debug/mash_pump.o
 .text.__DSB    0x000069bc       0x10 Debug/mash_pump.o
 .text.__DMB    0x000069cc       0x10 Debug/mash_pump.o
 .text.__CLREX  0x000069dc       0x10 Debug/mash_pump.o
 .text.NVIC_SetPriorityGrouping
                0x000069ec       0x4c Debug/mash_pump.o
 .text.NVIC_GetPriorityGrouping
                0x00006a38       0x1c Debug/mash_pump.o
 .text.NVIC_EnableIRQ
                0x00006a54       0x34 Debug/mash_pump.o
 .text.NVIC_DisableIRQ
                0x00006a88       0x38 Debug/mash_pump.o
 .text.NVIC_GetPendingIRQ
                0x00006ac0       0x4c Debug/mash_pump.o
 .text.NVIC_SetPendingIRQ
                0x00006b0c       0x38 Debug/mash_pump.o
 .text.NVIC_ClearPendingIRQ
                0x00006b44       0x38 Debug/mash_pump.o
 .text.NVIC_GetActive
                0x00006b7c       0x4c Debug/mash_pump.o
 .text.NVIC_SetPriority
                0x00006bc8       0x58 Debug/mash_pump.o
 .text.NVIC_GetPriority
                0x00006c20       0x54 Debug/mash_pump.o
 .text.NVIC_EncodePriority
                0x00006c74       0x7c Debug/mash_pump.o
 .text.NVIC_DecodePriority
                0x00006cf0       0x7c Debug/mash_pump.o
 .text.SysTick_Config
                0x00006d6c       0x54 Debug/mash_pump.o
 .text.NVIC_SystemReset
                0x00006dc0       0x24 Debug/mash_pump.o
 .text.ITM_SendChar
                0x00006de4       0x60 Debug/mash_pump.o
 .text.ITM_ReceiveChar
                0x00006e44       0x38 Debug/mash_pump.o
 .text.ITM_CheckChar
                0x00006e7c       0x28 Debug/mash_pump.o
 .text.vMashPumpInit
                0x00006ea4       0x70 Debug/mash_pump.o
                0x00006ea4                vMashPumpInit
 .text.vMashPump
                0x00006f14       0x3c Debug/mash_pump.o
                0x00006f14                vMashPump
 .text.vMashPumpApplet
                0x00006f50      0x140 Debug/mash_pump.o
                0x00006f50                vMashPumpApplet
 .text.vMashPumpAppletDisplay
                0x00007090      0x114 Debug/mash_pump.o
                0x00007090                vMashPumpAppletDisplay
 .text.iMashPumpKey
                0x000071a4       0xf8 Debug/mash_pump.o
                0x000071a4                iMashPumpKey
 .text          0x0000729c        0x0 Debug/mill.o
 .text.__enable_irq
                0x0000729c        0xc Debug/mill.o
 .text.__disable_irq
                0x000072a8        0xc Debug/mill.o
 .text.__enable_fault_irq
                0x000072b4        0xc Debug/mill.o
 .text.__disable_fault_irq
                0x000072c0        0xc Debug/mill.o
 .text.__NOP    0x000072cc        0xc Debug/mill.o
 .text.__WFI    0x000072d8        0xc Debug/mill.o
 .text.__WFE    0x000072e4        0xc Debug/mill.o
 .text.__SEV    0x000072f0        0xc Debug/mill.o
 .text.__ISB    0x000072fc       0x10 Debug/mill.o
 .text.__DSB    0x0000730c       0x10 Debug/mill.o
 .text.__DMB    0x0000731c       0x10 Debug/mill.o
 .text.__CLREX  0x0000732c       0x10 Debug/mill.o
 .text.NVIC_SetPriorityGrouping
                0x0000733c       0x4c Debug/mill.o
 .text.NVIC_GetPriorityGrouping
                0x00007388       0x1c Debug/mill.o
 .text.NVIC_EnableIRQ
                0x000073a4       0x34 Debug/mill.o
 .text.NVIC_DisableIRQ
                0x000073d8       0x38 Debug/mill.o
 .text.NVIC_GetPendingIRQ
                0x00007410       0x4c Debug/mill.o
 .text.NVIC_SetPendingIRQ
                0x0000745c       0x38 Debug/mill.o
 .text.NVIC_ClearPendingIRQ
                0x00007494       0x38 Debug/mill.o
 .text.NVIC_GetActive
                0x000074cc       0x4c Debug/mill.o
 .text.NVIC_SetPriority
                0x00007518       0x58 Debug/mill.o
 .text.NVIC_GetPriority
                0x00007570       0x54 Debug/mill.o
 .text.NVIC_EncodePriority
                0x000075c4       0x7c Debug/mill.o
 .text.NVIC_DecodePriority
                0x00007640       0x7c Debug/mill.o
 .text.SysTick_Config
                0x000076bc       0x54 Debug/mill.o
 .text.NVIC_SystemReset
                0x00007710       0x24 Debug/mill.o
 .text.ITM_SendChar
                0x00007734       0x60 Debug/mill.o
 .text.ITM_ReceiveChar
                0x00007794       0x38 Debug/mill.o
 .text.ITM_CheckChar
                0x000077cc       0x28 Debug/mill.o
 .text.vMillInit
                0x000077f4       0x7c Debug/mill.o
                0x000077f4                vMillInit
 .text.vMill    0x00007870       0x44 Debug/mill.o
                0x00007870                vMill
 .text.vMillApplet
                0x000078b4      0x140 Debug/mill.o
                0x000078b4                vMillApplet
 .text.vMillAppletDisplay
                0x000079f4      0x114 Debug/mill.o
                0x000079f4                vMillAppletDisplay
 .text.iMillKey
                0x00007b08       0xe4 Debug/mill.o
                0x00007b08                iMillKey
 .text          0x00007bec        0x0 Debug/boil.o
 .text.__enable_irq
                0x00007bec        0xc Debug/boil.o
 .text.__disable_irq
                0x00007bf8        0xc Debug/boil.o
 .text.__enable_fault_irq
                0x00007c04        0xc Debug/boil.o
 .text.__disable_fault_irq
                0x00007c10        0xc Debug/boil.o
 .text.__NOP    0x00007c1c        0xc Debug/boil.o
 .text.__WFI    0x00007c28        0xc Debug/boil.o
 .text.__WFE    0x00007c34        0xc Debug/boil.o
 .text.__SEV    0x00007c40        0xc Debug/boil.o
 .text.__ISB    0x00007c4c       0x10 Debug/boil.o
 .text.__DSB    0x00007c5c       0x10 Debug/boil.o
 .text.__DMB    0x00007c6c       0x10 Debug/boil.o
 .text.__CLREX  0x00007c7c       0x10 Debug/boil.o
 .text.NVIC_SetPriorityGrouping
                0x00007c8c       0x4c Debug/boil.o
 .text.NVIC_GetPriorityGrouping
                0x00007cd8       0x1c Debug/boil.o
 .text.NVIC_EnableIRQ
                0x00007cf4       0x34 Debug/boil.o
 .text.NVIC_DisableIRQ
                0x00007d28       0x38 Debug/boil.o
 .text.NVIC_GetPendingIRQ
                0x00007d60       0x4c Debug/boil.o
 .text.NVIC_SetPendingIRQ
                0x00007dac       0x38 Debug/boil.o
 .text.NVIC_ClearPendingIRQ
                0x00007de4       0x38 Debug/boil.o
 .text.NVIC_GetActive
                0x00007e1c       0x4c Debug/boil.o
 .text.NVIC_SetPriority
                0x00007e68       0x58 Debug/boil.o
 .text.NVIC_GetPriority
                0x00007ec0       0x54 Debug/boil.o
 .text.NVIC_EncodePriority
                0x00007f14       0x7c Debug/boil.o
 .text.NVIC_DecodePriority
                0x00007f90       0x7c Debug/boil.o
 .text.SysTick_Config
                0x0000800c       0x54 Debug/boil.o
 .text.NVIC_SystemReset
                0x00008060       0x24 Debug/boil.o
 .text.ITM_SendChar
                0x00008084       0x60 Debug/boil.o
 .text.ITM_ReceiveChar
                0x000080e4       0x38 Debug/boil.o
 .text.ITM_CheckChar
                0x0000811c       0x28 Debug/boil.o
 .text.vBoilInit
                0x00008144      0x188 Debug/boil.o
                0x00008144                vBoilInit
 .text.uGetBoilLevel
                0x000082cc       0x24 Debug/boil.o
                0x000082cc                uGetBoilLevel
 .text.vTaskBoil
                0x000082f0      0x288 Debug/boil.o
                0x000082f0                vTaskBoil
 .text.vBoilApplet
                0x00008578      0x1d4 Debug/boil.o
                0x00008578                vBoilApplet
 .text.vBoilAppletDisplay
                0x0000874c      0x1b4 Debug/boil.o
                0x0000874c                vBoilAppletDisplay
 .text.iBoilKey
                0x00008900      0x1d0 Debug/boil.o
                0x00008900                iBoilKey
 .text          0x00008ad0        0x0 Debug/hop_dropper.o
 .text.__enable_irq
                0x00008ad0        0xc Debug/hop_dropper.o
 .text.__disable_irq
                0x00008adc        0xc Debug/hop_dropper.o
 .text.__enable_fault_irq
                0x00008ae8        0xc Debug/hop_dropper.o
 .text.__disable_fault_irq
                0x00008af4        0xc Debug/hop_dropper.o
 .text.__NOP    0x00008b00        0xc Debug/hop_dropper.o
 .text.__WFI    0x00008b0c        0xc Debug/hop_dropper.o
 .text.__WFE    0x00008b18        0xc Debug/hop_dropper.o
 .text.__SEV    0x00008b24        0xc Debug/hop_dropper.o
 .text.__ISB    0x00008b30       0x10 Debug/hop_dropper.o
 .text.__DSB    0x00008b40       0x10 Debug/hop_dropper.o
 .text.__DMB    0x00008b50       0x10 Debug/hop_dropper.o
 .text.__CLREX  0x00008b60       0x10 Debug/hop_dropper.o
 .text.NVIC_SetPriorityGrouping
                0x00008b70       0x4c Debug/hop_dropper.o
 .text.NVIC_GetPriorityGrouping
                0x00008bbc       0x1c Debug/hop_dropper.o
 .text.NVIC_EnableIRQ
                0x00008bd8       0x34 Debug/hop_dropper.o
 .text.NVIC_DisableIRQ
                0x00008c0c       0x38 Debug/hop_dropper.o
 .text.NVIC_GetPendingIRQ
                0x00008c44       0x4c Debug/hop_dropper.o
 .text.NVIC_SetPendingIRQ
                0x00008c90       0x38 Debug/hop_dropper.o
 .text.NVIC_ClearPendingIRQ
                0x00008cc8       0x38 Debug/hop_dropper.o
 .text.NVIC_GetActive
                0x00008d00       0x4c Debug/hop_dropper.o
 .text.NVIC_SetPriority
                0x00008d4c       0x58 Debug/hop_dropper.o
 .text.NVIC_GetPriority
                0x00008da4       0x54 Debug/hop_dropper.o
 .text.NVIC_EncodePriority
                0x00008df8       0x7c Debug/hop_dropper.o
 .text.NVIC_DecodePriority
                0x00008e74       0x7c Debug/hop_dropper.o
 .text.SysTick_Config
                0x00008ef0       0x54 Debug/hop_dropper.o
 .text.NVIC_SystemReset
                0x00008f44       0x24 Debug/hop_dropper.o
 .text.ITM_SendChar
                0x00008f68       0x60 Debug/hop_dropper.o
 .text.ITM_ReceiveChar
                0x00008fc8       0x38 Debug/hop_dropper.o
 .text.ITM_CheckChar
                0x00009000       0x28 Debug/hop_dropper.o
 .text.vHopsInit
                0x00009028       0x70 Debug/hop_dropper.o
                0x00009028                vHopsInit
 .text.vHopsDrive
                0x00009098       0x34 Debug/hop_dropper.o
                0x00009098                vHopsDrive
 .text.uDebounce
                0x000090cc       0x58 Debug/hop_dropper.o
 .text.vTaskHops
                0x00009124      0x110 Debug/hop_dropper.o
                0x00009124                vTaskHops
 .text.vHopDropperAppletDisplay
                0x00009234      0x170 Debug/hop_dropper.o
                0x00009234                vHopDropperAppletDisplay
 .text.vHopDropperApplet
                0x000093a4       0xf4 Debug/hop_dropper.o
                0x000093a4                vHopDropperApplet
 .text.iHopDropperKey
                0x00009498      0x108 Debug/hop_dropper.o
                0x00009498                iHopDropperKey
 .text          0x000095a0        0x0 Debug/stir.o
 .text.__enable_irq
                0x000095a0        0xc Debug/stir.o
 .text.__disable_irq
                0x000095ac        0xc Debug/stir.o
 .text.__enable_fault_irq
                0x000095b8        0xc Debug/stir.o
 .text.__disable_fault_irq
                0x000095c4        0xc Debug/stir.o
 .text.__NOP    0x000095d0        0xc Debug/stir.o
 .text.__WFI    0x000095dc        0xc Debug/stir.o
 .text.__WFE    0x000095e8        0xc Debug/stir.o
 .text.__SEV    0x000095f4        0xc Debug/stir.o
 .text.__ISB    0x00009600       0x10 Debug/stir.o
 .text.__DSB    0x00009610       0x10 Debug/stir.o
 .text.__DMB    0x00009620       0x10 Debug/stir.o
 .text.__CLREX  0x00009630       0x10 Debug/stir.o
 .text.NVIC_SetPriorityGrouping
                0x00009640       0x4c Debug/stir.o
 .text.NVIC_GetPriorityGrouping
                0x0000968c       0x1c Debug/stir.o
 .text.NVIC_EnableIRQ
                0x000096a8       0x34 Debug/stir.o
 .text.NVIC_DisableIRQ
                0x000096dc       0x38 Debug/stir.o
 .text.NVIC_GetPendingIRQ
                0x00009714       0x4c Debug/stir.o
 .text.NVIC_SetPendingIRQ
                0x00009760       0x38 Debug/stir.o
 .text.NVIC_ClearPendingIRQ
                0x00009798       0x38 Debug/stir.o
 .text.NVIC_GetActive
                0x000097d0       0x4c Debug/stir.o
 .text.NVIC_SetPriority
                0x0000981c       0x58 Debug/stir.o
 .text.NVIC_GetPriority
                0x00009874       0x54 Debug/stir.o
 .text.NVIC_EncodePriority
                0x000098c8       0x7c Debug/stir.o
 .text.NVIC_DecodePriority
                0x00009944       0x7c Debug/stir.o
 .text.SysTick_Config
                0x000099c0       0x54 Debug/stir.o
 .text.NVIC_SystemReset
                0x00009a14       0x24 Debug/stir.o
 .text.ITM_SendChar
                0x00009a38       0x60 Debug/stir.o
 .text.ITM_ReceiveChar
                0x00009a98       0x38 Debug/stir.o
 .text.ITM_CheckChar
                0x00009ad0       0x28 Debug/stir.o
 .text.vStirInit
                0x00009af8       0x54 Debug/stir.o
                0x00009af8                vStirInit
 .text.vStir    0x00009b4c       0x3c Debug/stir.o
                0x00009b4c                vStir
 .text.xGetStirState
                0x00009b88       0x18 Debug/stir.o
                0x00009b88                xGetStirState
 .text          0x00009ba0        0x0 Debug/stirApplet.o
 .text.__enable_irq
                0x00009ba0        0xc Debug/stirApplet.o
 .text.__disable_irq
                0x00009bac        0xc Debug/stirApplet.o
 .text.__enable_fault_irq
                0x00009bb8        0xc Debug/stirApplet.o
 .text.__disable_fault_irq
                0x00009bc4        0xc Debug/stirApplet.o
 .text.__NOP    0x00009bd0        0xc Debug/stirApplet.o
 .text.__WFI    0x00009bdc        0xc Debug/stirApplet.o
 .text.__WFE    0x00009be8        0xc Debug/stirApplet.o
 .text.__SEV    0x00009bf4        0xc Debug/stirApplet.o
 .text.__ISB    0x00009c00       0x10 Debug/stirApplet.o
 .text.__DSB    0x00009c10       0x10 Debug/stirApplet.o
 .text.__DMB    0x00009c20       0x10 Debug/stirApplet.o
 .text.__CLREX  0x00009c30       0x10 Debug/stirApplet.o
 .text.NVIC_SetPriorityGrouping
                0x00009c40       0x4c Debug/stirApplet.o
 .text.NVIC_GetPriorityGrouping
                0x00009c8c       0x1c Debug/stirApplet.o
 .text.NVIC_EnableIRQ
                0x00009ca8       0x34 Debug/stirApplet.o
 .text.NVIC_DisableIRQ
                0x00009cdc       0x38 Debug/stirApplet.o
 .text.NVIC_GetPendingIRQ
                0x00009d14       0x4c Debug/stirApplet.o
 .text.NVIC_SetPendingIRQ
                0x00009d60       0x38 Debug/stirApplet.o
 .text.NVIC_ClearPendingIRQ
                0x00009d98       0x38 Debug/stirApplet.o
 .text.NVIC_GetActive
                0x00009dd0       0x4c Debug/stirApplet.o
 .text.NVIC_SetPriority
                0x00009e1c       0x58 Debug/stirApplet.o
 .text.NVIC_GetPriority
                0x00009e74       0x54 Debug/stirApplet.o
 .text.NVIC_EncodePriority
                0x00009ec8       0x7c Debug/stirApplet.o
 .text.NVIC_DecodePriority
                0x00009f44       0x7c Debug/stirApplet.o
 .text.SysTick_Config
                0x00009fc0       0x54 Debug/stirApplet.o
 .text.NVIC_SystemReset
                0x0000a014       0x24 Debug/stirApplet.o
 .text.ITM_SendChar
                0x0000a038       0x60 Debug/stirApplet.o
 .text.ITM_ReceiveChar
                0x0000a098       0x38 Debug/stirApplet.o
 .text.ITM_CheckChar
                0x0000a0d0       0x28 Debug/stirApplet.o
 .text.vStirApplet
                0x0000a0f8      0x140 Debug/stirApplet.o
                0x0000a0f8                vStirApplet
 .text.vStirAppletDisplay
                0x0000a238      0x114 Debug/stirApplet.o
                0x0000a238                vStirAppletDisplay
 .text.iStirKey
                0x0000a34c       0xe4 Debug/stirApplet.o
                0x0000a34c                iStirKey
 .text          0x0000a430        0x0 Debug/menu.o
 .text.menu_run_callback
                0x0000a430       0x64 Debug/menu.o
 .text.menu_get_selected
                0x0000a494       0xd4 Debug/menu.o
 .text.menu_paint_cell
                0x0000a568      0x134 Debug/menu.o
 .text.menu_two_column
                0x0000a69c      0x108 Debug/menu.o
 .text.menu_update
                0x0000a7a4      0x170 Debug/menu.o
 .text.menu_set_root
                0x0000a914       0x20 Debug/menu.o
                0x0000a914                menu_set_root
 .text.menu_back_after_applet
                0x0000a934       0x6c Debug/menu.o
 .text.menu_command
                0x0000a9a0       0x34 Debug/menu.o
                0x0000a9a0                menu_command
 .text.menu_touch
                0x0000a9d4      0x2fc Debug/menu.o
                0x0000a9d4                menu_touch
 .text.menu_clear
                0x0000acd0       0x10 Debug/menu.o
                0x0000acd0                menu_clear
 .text          0x0000ace0        0x0 Debug/valves.o
 .text.__enable_irq
                0x0000ace0        0xc Debug/valves.o
 .text.__disable_irq
                0x0000acec        0xc Debug/valves.o
 .text.__enable_fault_irq
                0x0000acf8        0xc Debug/valves.o
 .text.__disable_fault_irq
                0x0000ad04        0xc Debug/valves.o
 .text.__NOP    0x0000ad10        0xc Debug/valves.o
 .text.__WFI    0x0000ad1c        0xc Debug/valves.o
 .text.__WFE    0x0000ad28        0xc Debug/valves.o
 .text.__SEV    0x0000ad34        0xc Debug/valves.o
 .text.__ISB    0x0000ad40       0x10 Debug/valves.o
 .text.__DSB    0x0000ad50       0x10 Debug/valves.o
 .text.__DMB    0x0000ad60       0x10 Debug/valves.o
 .text.__CLREX  0x0000ad70       0x10 Debug/valves.o
 .text.NVIC_SetPriorityGrouping
                0x0000ad80       0x4c Debug/valves.o
 .text.NVIC_GetPriorityGrouping
                0x0000adcc       0x1c Debug/valves.o
 .text.NVIC_EnableIRQ
                0x0000ade8       0x34 Debug/valves.o
 .text.NVIC_DisableIRQ
                0x0000ae1c       0x38 Debug/valves.o
 .text.NVIC_GetPendingIRQ
                0x0000ae54       0x4c Debug/valves.o
 .text.NVIC_SetPendingIRQ
                0x0000aea0       0x38 Debug/valves.o
 .text.NVIC_ClearPendingIRQ
                0x0000aed8       0x38 Debug/valves.o
 .text.NVIC_GetActive
                0x0000af10       0x4c Debug/valves.o
 .text.NVIC_SetPriority
                0x0000af5c       0x58 Debug/valves.o
 .text.NVIC_GetPriority
                0x0000afb4       0x54 Debug/valves.o
 .text.NVIC_EncodePriority
                0x0000b008       0x7c Debug/valves.o
 .text.NVIC_DecodePriority
                0x0000b084       0x7c Debug/valves.o
 .text.SysTick_Config
                0x0000b100       0x54 Debug/valves.o
 .text.NVIC_SystemReset
                0x0000b154       0x24 Debug/valves.o
 .text.ITM_SendChar
                0x0000b178       0x60 Debug/valves.o
 .text.ITM_ReceiveChar
                0x0000b1d8       0x38 Debug/valves.o
 .text.ITM_CheckChar
                0x0000b210       0x28 Debug/valves.o
 .text.vValvesInit
                0x0000b238       0xec Debug/valves.o
                0x0000b238                vValvesInit
 .text.vValveActuate
                0x0000b324      0x15c Debug/valves.o
                0x0000b324                vValveActuate
 .text.vValvesApplet
                0x0000b480      0x3b8 Debug/valves.o
                0x0000b480                vValvesApplet
 .text.vValvesAppletDisplay
                0x0000b838      0x650 Debug/valves.o
                0x0000b838                vValvesAppletDisplay
 .text.iValvesKey
                0x0000be88      0x160 Debug/valves.o
                0x0000be88                iValvesKey
 .text          0x0000bfe8        0x0 Debug/diag_temps.o
 .text.__enable_irq
                0x0000bfe8        0xc Debug/diag_temps.o
 .text.__disable_irq
                0x0000bff4        0xc Debug/diag_temps.o
 .text.__enable_fault_irq
                0x0000c000        0xc Debug/diag_temps.o
 .text.__disable_fault_irq
                0x0000c00c        0xc Debug/diag_temps.o
 .text.__NOP    0x0000c018        0xc Debug/diag_temps.o
 .text.__WFI    0x0000c024        0xc Debug/diag_temps.o
 .text.__WFE    0x0000c030        0xc Debug/diag_temps.o
 .text.__SEV    0x0000c03c        0xc Debug/diag_temps.o
 .text.__ISB    0x0000c048       0x10 Debug/diag_temps.o
 .text.__DSB    0x0000c058       0x10 Debug/diag_temps.o
 .text.__DMB    0x0000c068       0x10 Debug/diag_temps.o
 .text.__CLREX  0x0000c078       0x10 Debug/diag_temps.o
 .text.NVIC_SetPriorityGrouping
                0x0000c088       0x4c Debug/diag_temps.o
 .text.NVIC_GetPriorityGrouping
                0x0000c0d4       0x1c Debug/diag_temps.o
 .text.NVIC_EnableIRQ
                0x0000c0f0       0x34 Debug/diag_temps.o
 .text.NVIC_DisableIRQ
                0x0000c124       0x38 Debug/diag_temps.o
 .text.NVIC_GetPendingIRQ
                0x0000c15c       0x4c Debug/diag_temps.o
 .text.NVIC_SetPendingIRQ
                0x0000c1a8       0x38 Debug/diag_temps.o
 .text.NVIC_ClearPendingIRQ
                0x0000c1e0       0x38 Debug/diag_temps.o
 .text.NVIC_GetActive
                0x0000c218       0x4c Debug/diag_temps.o
 .text.NVIC_SetPriority
                0x0000c264       0x58 Debug/diag_temps.o
 .text.NVIC_GetPriority
                0x0000c2bc       0x54 Debug/diag_temps.o
 .text.NVIC_EncodePriority
                0x0000c310       0x7c Debug/diag_temps.o
 .text.NVIC_DecodePriority
                0x0000c38c       0x7c Debug/diag_temps.o
 .text.SysTick_Config
                0x0000c408       0x54 Debug/diag_temps.o
 .text.NVIC_SystemReset
                0x0000c45c       0x24 Debug/diag_temps.o
 .text.ITM_SendChar
                0x0000c480       0x60 Debug/diag_temps.o
 .text.ITM_ReceiveChar
                0x0000c4e0       0x38 Debug/diag_temps.o
 .text.ITM_CheckChar
                0x0000c518       0x28 Debug/diag_temps.o
 .text.vDiagTempsInit
                0x0000c540       0x3c Debug/diag_temps.o
                0x0000c540                vDiagTempsInit
 .text.vDS1820DiagApplet
                0x0000c57c       0x4c Debug/diag_temps.o
                0x0000c57c                vDS1820DiagApplet
 .text.DS1820DiagKey
                0x0000c5c8       0x78 Debug/diag_temps.o
                0x0000c5c8                DS1820DiagKey
 .text.vTaskDS1820DisplayTemps
                0x0000c640      0x3a8 Debug/diag_temps.o
                0x0000c640                vTaskDS1820DisplayTemps
 .text          0x0000c9e8        0x0 Debug/crane.o
 .text.__enable_irq
                0x0000c9e8        0xc Debug/crane.o
 .text.__disable_irq
                0x0000c9f4        0xc Debug/crane.o
 .text.__enable_fault_irq
                0x0000ca00        0xc Debug/crane.o
 .text.__disable_fault_irq
                0x0000ca0c        0xc Debug/crane.o
 .text.__NOP    0x0000ca18        0xc Debug/crane.o
 .text.__WFI    0x0000ca24        0xc Debug/crane.o
 .text.__WFE    0x0000ca30        0xc Debug/crane.o
 .text.__SEV    0x0000ca3c        0xc Debug/crane.o
 .text.__ISB    0x0000ca48       0x10 Debug/crane.o
 .text.__DSB    0x0000ca58       0x10 Debug/crane.o
 .text.__DMB    0x0000ca68       0x10 Debug/crane.o
 .text.__CLREX  0x0000ca78       0x10 Debug/crane.o
 .text.NVIC_SetPriorityGrouping
                0x0000ca88       0x4c Debug/crane.o
 .text.NVIC_GetPriorityGrouping
                0x0000cad4       0x1c Debug/crane.o
 .text.NVIC_EnableIRQ
                0x0000caf0       0x34 Debug/crane.o
 .text.NVIC_DisableIRQ
                0x0000cb24       0x38 Debug/crane.o
 .text.NVIC_GetPendingIRQ
                0x0000cb5c       0x4c Debug/crane.o
 .text.NVIC_SetPendingIRQ
                0x0000cba8       0x38 Debug/crane.o
 .text.NVIC_ClearPendingIRQ
                0x0000cbe0       0x38 Debug/crane.o
 .text.NVIC_GetActive
                0x0000cc18       0x4c Debug/crane.o
 .text.NVIC_SetPriority
                0x0000cc64       0x58 Debug/crane.o
 .text.NVIC_GetPriority
                0x0000ccbc       0x54 Debug/crane.o
 .text.NVIC_EncodePriority
                0x0000cd10       0x7c Debug/crane.o
 .text.NVIC_DecodePriority
                0x0000cd8c       0x7c Debug/crane.o
 .text.SysTick_Config
                0x0000ce08       0x54 Debug/crane.o
 .text.NVIC_SystemReset
                0x0000ce5c       0x24 Debug/crane.o
 .text.ITM_SendChar
                0x0000ce80       0x60 Debug/crane.o
 .text.ITM_ReceiveChar
                0x0000cee0       0x38 Debug/crane.o
 .text.ITM_CheckChar
                0x0000cf18       0x28 Debug/crane.o
 .text.vCraneInit
                0x0000cf40       0x8c Debug/crane.o
                0x0000cf40                vCraneInit
 .text.vCraneFunc
                0x0000cfcc       0x6c Debug/crane.o
                0x0000cfcc                vCraneFunc
 .text.vTaskCrane
                0x0000d038      0x770 Debug/crane.o
                0x0000d038                vTaskCrane
 .text.vCraneAppletDisplay
                0x0000d7a8      0x238 Debug/crane.o
                0x0000d7a8                vCraneAppletDisplay
 .text.vCraneApplet
                0x0000d9e0      0x18c Debug/crane.o
                0x0000d9e0                vCraneApplet
 .text.iCraneKey
                0x0000db6c      0x16c Debug/crane.o
                0x0000db6c                iCraneKey
 .text          0x0000dcd8        0x0 Debug/speaker.o
 .text.__enable_irq
                0x0000dcd8        0xc Debug/speaker.o
 .text.__disable_irq
                0x0000dce4        0xc Debug/speaker.o
 .text.__enable_fault_irq
                0x0000dcf0        0xc Debug/speaker.o
 .text.__disable_fault_irq
                0x0000dcfc        0xc Debug/speaker.o
 .text.__NOP    0x0000dd08        0xc Debug/speaker.o
 .text.__WFI    0x0000dd14        0xc Debug/speaker.o
 .text.__WFE    0x0000dd20        0xc Debug/speaker.o
 .text.__SEV    0x0000dd2c        0xc Debug/speaker.o
 .text.__ISB    0x0000dd38       0x10 Debug/speaker.o
 .text.__DSB    0x0000dd48       0x10 Debug/speaker.o
 .text.__DMB    0x0000dd58       0x10 Debug/speaker.o
 .text.__CLREX  0x0000dd68       0x10 Debug/speaker.o
 .text.NVIC_SetPriorityGrouping
                0x0000dd78       0x4c Debug/speaker.o
 .text.NVIC_GetPriorityGrouping
                0x0000ddc4       0x1c Debug/speaker.o
 .text.NVIC_EnableIRQ
                0x0000dde0       0x34 Debug/speaker.o
 .text.NVIC_DisableIRQ
                0x0000de14       0x38 Debug/speaker.o
 .text.NVIC_GetPendingIRQ
                0x0000de4c       0x4c Debug/speaker.o
 .text.NVIC_SetPendingIRQ
                0x0000de98       0x38 Debug/speaker.o
 .text.NVIC_ClearPendingIRQ
                0x0000ded0       0x38 Debug/speaker.o
 .text.NVIC_GetActive
                0x0000df08       0x4c Debug/speaker.o
 .text.NVIC_SetPriority
                0x0000df54       0x58 Debug/speaker.o
 .text.NVIC_GetPriority
                0x0000dfac       0x54 Debug/speaker.o
 .text.NVIC_EncodePriority
                0x0000e000       0x7c Debug/speaker.o
 .text.NVIC_DecodePriority
                0x0000e07c       0x7c Debug/speaker.o
 .text.SysTick_Config
                0x0000e0f8       0x54 Debug/speaker.o
 .text.NVIC_SystemReset
                0x0000e14c       0x24 Debug/speaker.o
 .text.ITM_SendChar
                0x0000e170       0x60 Debug/speaker.o
 .text.ITM_ReceiveChar
                0x0000e1d0       0x38 Debug/speaker.o
 .text.ITM_CheckChar
                0x0000e208       0x28 Debug/speaker.o
 .text.speaker_init
                0x0000e230       0x30 Debug/speaker.o
                0x0000e230                speaker_init
 .text.beep     0x0000e260       0x58 Debug/speaker.o
 .text.vBeepTask
                0x0000e2b8       0x68 Debug/speaker.o
                0x0000e2b8                vBeepTask
 .text          0x0000e320        0x0 Debug/timer.o
 .text.__enable_irq
                0x0000e320        0xc Debug/timer.o
 .text.__disable_irq
                0x0000e32c        0xc Debug/timer.o
 .text.__enable_fault_irq
                0x0000e338        0xc Debug/timer.o
 .text.__disable_fault_irq
                0x0000e344        0xc Debug/timer.o
 .text.__NOP    0x0000e350        0xc Debug/timer.o
 .text.__WFI    0x0000e35c        0xc Debug/timer.o
 .text.__WFE    0x0000e368        0xc Debug/timer.o
 .text.__SEV    0x0000e374        0xc Debug/timer.o
 .text.__ISB    0x0000e380       0x10 Debug/timer.o
 .text.__DSB    0x0000e390       0x10 Debug/timer.o
 .text.__DMB    0x0000e3a0       0x10 Debug/timer.o
 .text.__CLREX  0x0000e3b0       0x10 Debug/timer.o
 .text.NVIC_SetPriorityGrouping
                0x0000e3c0       0x4c Debug/timer.o
 .text.NVIC_GetPriorityGrouping
                0x0000e40c       0x1c Debug/timer.o
 .text.NVIC_EnableIRQ
                0x0000e428       0x34 Debug/timer.o
 .text.NVIC_DisableIRQ
                0x0000e45c       0x38 Debug/timer.o
 .text.NVIC_GetPendingIRQ
                0x0000e494       0x4c Debug/timer.o
 .text.NVIC_SetPendingIRQ
                0x0000e4e0       0x38 Debug/timer.o
 .text.NVIC_ClearPendingIRQ
                0x0000e518       0x38 Debug/timer.o
 .text.NVIC_GetActive
                0x0000e550       0x4c Debug/timer.o
 .text.NVIC_SetPriority
                0x0000e59c       0x58 Debug/timer.o
 .text.NVIC_GetPriority
                0x0000e5f4       0x54 Debug/timer.o
 .text.NVIC_EncodePriority
                0x0000e648       0x7c Debug/timer.o
 .text.NVIC_DecodePriority
                0x0000e6c4       0x7c Debug/timer.o
 .text.SysTick_Config
                0x0000e740       0x54 Debug/timer.o
 .text.NVIC_SystemReset
                0x0000e794       0x24 Debug/timer.o
 .text.ITM_SendChar
                0x0000e7b8       0x60 Debug/timer.o
 .text.ITM_ReceiveChar
                0x0000e818       0x38 Debug/timer.o
 .text.ITM_CheckChar
                0x0000e850       0x28 Debug/timer.o
 .text.vSetupTimerTest
                0x0000e878       0xb0 Debug/timer.o
                0x0000e878                vSetupTimerTest
 .text.TIM3_IRQHandler
                0x0000e928       0x24 Debug/timer.o
                0x0000e928                TIM3_IRQHandler
 .text.vTimerSetupTask
                0x0000e94c       0x18 Debug/timer.o
                0x0000e94c                vTimerSetupTask
 .text          0x0000e964        0x0 Debug/ds1820.o
 .text.__enable_irq
                0x0000e964        0xc Debug/ds1820.o
 .text.__disable_irq
                0x0000e970        0xc Debug/ds1820.o
 .text.__enable_fault_irq
                0x0000e97c        0xc Debug/ds1820.o
 .text.__disable_fault_irq
                0x0000e988        0xc Debug/ds1820.o
 .text.__NOP    0x0000e994        0xc Debug/ds1820.o
 .text.__WFI    0x0000e9a0        0xc Debug/ds1820.o
 .text.__WFE    0x0000e9ac        0xc Debug/ds1820.o
 .text.__SEV    0x0000e9b8        0xc Debug/ds1820.o
 .text.__ISB    0x0000e9c4       0x10 Debug/ds1820.o
 .text.__DSB    0x0000e9d4       0x10 Debug/ds1820.o
 .text.__DMB    0x0000e9e4       0x10 Debug/ds1820.o
 .text.__CLREX  0x0000e9f4       0x10 Debug/ds1820.o
 .text.NVIC_SetPriorityGrouping
                0x0000ea04       0x4c Debug/ds1820.o
 .text.NVIC_GetPriorityGrouping
                0x0000ea50       0x1c Debug/ds1820.o
 .text.NVIC_EnableIRQ
                0x0000ea6c       0x34 Debug/ds1820.o
 .text.NVIC_DisableIRQ
                0x0000eaa0       0x38 Debug/ds1820.o
 .text.NVIC_GetPendingIRQ
                0x0000ead8       0x4c Debug/ds1820.o
 .text.NVIC_SetPendingIRQ
                0x0000eb24       0x38 Debug/ds1820.o
 .text.NVIC_ClearPendingIRQ
                0x0000eb5c       0x38 Debug/ds1820.o
 .text.NVIC_GetActive
                0x0000eb94       0x4c Debug/ds1820.o
 .text.NVIC_SetPriority
                0x0000ebe0       0x58 Debug/ds1820.o
 .text.NVIC_GetPriority
                0x0000ec38       0x54 Debug/ds1820.o
 .text.NVIC_EncodePriority
                0x0000ec8c       0x7c Debug/ds1820.o
 .text.NVIC_DecodePriority
                0x0000ed08       0x7c Debug/ds1820.o
 .text.SysTick_Config
                0x0000ed84       0x54 Debug/ds1820.o
 .text.NVIC_SystemReset
                0x0000edd8       0x24 Debug/ds1820.o
 .text.ITM_SendChar
                0x0000edfc       0x60 Debug/ds1820.o
 .text.ITM_ReceiveChar
                0x0000ee5c       0x38 Debug/ds1820.o
 .text.ITM_CheckChar
                0x0000ee94       0x28 Debug/ds1820.o
 .text.vTaskDS1820Convert
                0x0000eebc      0x390 Debug/ds1820.o
                0x0000eebc                vTaskDS1820Convert
 .text.ds1820_get_temp
                0x0000f24c       0x24 Debug/ds1820.o
                0x0000f24c                ds1820_get_temp
 .text.ds1820_error
                0x0000f270       0x6c Debug/ds1820.o
 .text.ds1820_search_key
                0x0000f2dc       0x2c Debug/ds1820.o
                0x0000f2dc                ds1820_search_key
 .text.delay_us
                0x0000f308       0x50 Debug/ds1820.o
 .text.ds1820_init
                0x0000f358       0xc0 Debug/ds1820.o
 .text.ds1820_reset
                0x0000f418       0x90 Debug/ds1820.o
 .text.ds1820_power_reset
                0x0000f4a8       0x2c Debug/ds1820.o
 .text.ds1820_write_bit
                0x0000f4d4       0x9c Debug/ds1820.o
 .text.ds1820_read_bit
                0x0000f570       0xa0 Debug/ds1820.o
 .text.ds1820_write_byte
                0x0000f610       0x60 Debug/ds1820.o
 .text.ds1820_read_byte
                0x0000f670       0x68 Debug/ds1820.o
 .text.ds1820_convert
                0x0000f6d8       0x64 Debug/ds1820.o
 .text.ds1820_search
                0x0000f73c       0x54 Debug/ds1820.o
 .text.ds1820_read_device
                0x0000f790      0x1e4 Debug/ds1820.o
 .text.ds1820_search_applet
                0x0000f974       0xc0 Debug/ds1820.o
                0x0000f974                ds1820_search_applet
 .text.ds1820_one_device_get_temp
                0x0000fa34       0xe0 Debug/ds1820.o
                0x0000fa34                ds1820_one_device_get_temp
 .text          0x0000fb14        0x0 Debug/Flow1.o
 .text.__enable_irq
                0x0000fb14        0xc Debug/Flow1.o
 .text.__disable_irq
                0x0000fb20        0xc Debug/Flow1.o
 .text.__enable_fault_irq
                0x0000fb2c        0xc Debug/Flow1.o
 .text.__disable_fault_irq
                0x0000fb38        0xc Debug/Flow1.o
 .text.__NOP    0x0000fb44        0xc Debug/Flow1.o
 .text.__WFI    0x0000fb50        0xc Debug/Flow1.o
 .text.__WFE    0x0000fb5c        0xc Debug/Flow1.o
 .text.__SEV    0x0000fb68        0xc Debug/Flow1.o
 .text.__ISB    0x0000fb74       0x10 Debug/Flow1.o
 .text.__DSB    0x0000fb84       0x10 Debug/Flow1.o
 .text.__DMB    0x0000fb94       0x10 Debug/Flow1.o
 .text.__CLREX  0x0000fba4       0x10 Debug/Flow1.o
 .text.NVIC_SetPriorityGrouping
                0x0000fbb4       0x4c Debug/Flow1.o
 .text.NVIC_GetPriorityGrouping
                0x0000fc00       0x1c Debug/Flow1.o
 .text.NVIC_EnableIRQ
                0x0000fc1c       0x34 Debug/Flow1.o
 .text.NVIC_DisableIRQ
                0x0000fc50       0x38 Debug/Flow1.o
 .text.NVIC_GetPendingIRQ
                0x0000fc88       0x4c Debug/Flow1.o
 .text.NVIC_SetPendingIRQ
                0x0000fcd4       0x38 Debug/Flow1.o
 .text.NVIC_ClearPendingIRQ
                0x0000fd0c       0x38 Debug/Flow1.o
 .text.NVIC_GetActive
                0x0000fd44       0x4c Debug/Flow1.o
 .text.NVIC_SetPriority
                0x0000fd90       0x58 Debug/Flow1.o
 .text.NVIC_GetPriority
                0x0000fde8       0x54 Debug/Flow1.o
 .text.NVIC_EncodePriority
                0x0000fe3c       0x7c Debug/Flow1.o
 .text.NVIC_DecodePriority
                0x0000feb8       0x7c Debug/Flow1.o
 .text.SysTick_Config
                0x0000ff34       0x54 Debug/Flow1.o
 .text.NVIC_SystemReset
                0x0000ff88       0x24 Debug/Flow1.o
 .text.ITM_SendChar
                0x0000ffac       0x60 Debug/Flow1.o
 .text.ITM_ReceiveChar
                0x0001000c       0x38 Debug/Flow1.o
 .text.ITM_CheckChar
                0x00010044       0x28 Debug/Flow1.o
 .text.vFlow1Init
                0x0001006c      0x10c Debug/Flow1.o
                0x0001006c                vFlow1Init
 .text.EXTI4_IRQHandler
                0x00010178       0x20 Debug/Flow1.o
                0x00010178                EXTI4_IRQHandler
 .text.EXTIX_IRQHandler
                0x00010198        0xc Debug/Flow1.o
                0x00010198                EXTIX_IRQHandler
 *fill*         0x000101a4        0x4 00
 .text.vTaskLitresToBoil
                0x000101a8      0x1e0 Debug/Flow1.o
                0x000101a8                vTaskLitresToBoil
 .text.vTaskLitresToMash
                0x00010388      0x170 Debug/Flow1.o
                0x00010388                vTaskLitresToMash
 .text.vResetFlow1
                0x000104f8       0x30 Debug/Flow1.o
                0x000104f8                vResetFlow1
 .text.vResetFlow2
                0x00010528       0x30 Debug/Flow1.o
                0x00010528                vResetFlow2
 .text.fGetBoilFlowLitres
                0x00010558       0x14 Debug/Flow1.o
                0x00010558                fGetBoilFlowLitres
 .text.fGetMashFlowLitres
                0x0001056c       0x14 Debug/Flow1.o
                0x0001056c                fGetMashFlowLitres
 .text.vFlow1Applet
                0x00010580      0x128 Debug/Flow1.o
                0x00010580                vFlow1Applet
 .text.vFlow1AppletDisplay
                0x000106a8      0x270 Debug/Flow1.o
                0x000106a8                vFlow1AppletDisplay
 .text.iFlow1Key
                0x00010918       0xd8 Debug/Flow1.o
                0x00010918                iFlow1Key
 .text          0x000109f0        0x0 Debug/diag_pwm.o
 .text.__enable_irq
                0x000109f0        0xc Debug/diag_pwm.o
 .text.__disable_irq
                0x000109fc        0xc Debug/diag_pwm.o
 .text.__enable_fault_irq
                0x00010a08        0xc Debug/diag_pwm.o
 .text.__disable_fault_irq
                0x00010a14        0xc Debug/diag_pwm.o
 .text.__NOP    0x00010a20        0xc Debug/diag_pwm.o
 .text.__WFI    0x00010a2c        0xc Debug/diag_pwm.o
 .text.__WFE    0x00010a38        0xc Debug/diag_pwm.o
 .text.__SEV    0x00010a44        0xc Debug/diag_pwm.o
 .text.__ISB    0x00010a50       0x10 Debug/diag_pwm.o
 .text.__DSB    0x00010a60       0x10 Debug/diag_pwm.o
 .text.__DMB    0x00010a70       0x10 Debug/diag_pwm.o
 .text.__CLREX  0x00010a80       0x10 Debug/diag_pwm.o
 .text.NVIC_SetPriorityGrouping
                0x00010a90       0x4c Debug/diag_pwm.o
 .text.NVIC_GetPriorityGrouping
                0x00010adc       0x1c Debug/diag_pwm.o
 .text.NVIC_EnableIRQ
                0x00010af8       0x34 Debug/diag_pwm.o
 .text.NVIC_DisableIRQ
                0x00010b2c       0x38 Debug/diag_pwm.o
 .text.NVIC_GetPendingIRQ
                0x00010b64       0x4c Debug/diag_pwm.o
 .text.NVIC_SetPendingIRQ
                0x00010bb0       0x38 Debug/diag_pwm.o
 .text.NVIC_ClearPendingIRQ
                0x00010be8       0x38 Debug/diag_pwm.o
 .text.NVIC_GetActive
                0x00010c20       0x4c Debug/diag_pwm.o
 .text.NVIC_SetPriority
                0x00010c6c       0x58 Debug/diag_pwm.o
 .text.NVIC_GetPriority
                0x00010cc4       0x54 Debug/diag_pwm.o
 .text.NVIC_EncodePriority
                0x00010d18       0x7c Debug/diag_pwm.o
 .text.NVIC_DecodePriority
                0x00010d94       0x7c Debug/diag_pwm.o
 .text.SysTick_Config
                0x00010e10       0x54 Debug/diag_pwm.o
 .text.NVIC_SystemReset
                0x00010e64       0x24 Debug/diag_pwm.o
 .text.ITM_SendChar
                0x00010e88       0x60 Debug/diag_pwm.o
 .text.ITM_ReceiveChar
                0x00010ee8       0x38 Debug/diag_pwm.o
 .text.ITM_CheckChar
                0x00010f20       0x28 Debug/diag_pwm.o
 .text.vDiagPWMInit
                0x00010f48       0x3c Debug/diag_pwm.o
                0x00010f48                vDiagPWMInit
 .text.vDiagPWMApplet
                0x00010f84      0x268 Debug/diag_pwm.o
                0x00010f84                vDiagPWMApplet
 .text.iDiagPWMKey
                0x000111ec      0x21c Debug/diag_pwm.o
                0x000111ec                iDiagPWMKey
 .text.vTaskDiagPWMApplet
                0x00011408      0x280 Debug/diag_pwm.o
                0x00011408                vTaskDiagPWMApplet
 .text          0x00011688        0x0 Debug/I2C-IO.o
 .text.__enable_irq
                0x00011688        0xc Debug/I2C-IO.o
 .text.__disable_irq
                0x00011694        0xc Debug/I2C-IO.o
 .text.__enable_fault_irq
                0x000116a0        0xc Debug/I2C-IO.o
 .text.__disable_fault_irq
                0x000116ac        0xc Debug/I2C-IO.o
 .text.__NOP    0x000116b8        0xc Debug/I2C-IO.o
 .text.__WFI    0x000116c4        0xc Debug/I2C-IO.o
 .text.__WFE    0x000116d0        0xc Debug/I2C-IO.o
 .text.__SEV    0x000116dc        0xc Debug/I2C-IO.o
 .text.__ISB    0x000116e8       0x10 Debug/I2C-IO.o
 .text.__DSB    0x000116f8       0x10 Debug/I2C-IO.o
 .text.__DMB    0x00011708       0x10 Debug/I2C-IO.o
 .text.__CLREX  0x00011718       0x10 Debug/I2C-IO.o
 .text.NVIC_SetPriorityGrouping
                0x00011728       0x4c Debug/I2C-IO.o
 .text.NVIC_GetPriorityGrouping
                0x00011774       0x1c Debug/I2C-IO.o
 .text.NVIC_EnableIRQ
                0x00011790       0x34 Debug/I2C-IO.o
 .text.NVIC_DisableIRQ
                0x000117c4       0x38 Debug/I2C-IO.o
 .text.NVIC_GetPendingIRQ
                0x000117fc       0x4c Debug/I2C-IO.o
 .text.NVIC_SetPendingIRQ
                0x00011848       0x38 Debug/I2C-IO.o
 .text.NVIC_ClearPendingIRQ
                0x00011880       0x38 Debug/I2C-IO.o
 .text.NVIC_GetActive
                0x000118b8       0x4c Debug/I2C-IO.o
 .text.NVIC_SetPriority
                0x00011904       0x58 Debug/I2C-IO.o
 .text.NVIC_GetPriority
                0x0001195c       0x54 Debug/I2C-IO.o
 .text.NVIC_EncodePriority
                0x000119b0       0x7c Debug/I2C-IO.o
 .text.NVIC_DecodePriority
                0x00011a2c       0x7c Debug/I2C-IO.o
 .text.SysTick_Config
                0x00011aa8       0x54 Debug/I2C-IO.o
 .text.NVIC_SystemReset
                0x00011afc       0x24 Debug/I2C-IO.o
 .text.ITM_SendChar
                0x00011b20       0x60 Debug/I2C-IO.o
 .text.ITM_ReceiveChar
                0x00011b80       0x38 Debug/I2C-IO.o
 .text.ITM_CheckChar
                0x00011bb8       0x28 Debug/I2C-IO.o
 .text.vI2C_Init
                0x00011be0       0xfc Debug/I2C-IO.o
                0x00011be0                vI2C_Init
 .text.iI2C_Send
                0x00011cdc      0x19c Debug/I2C-IO.o
 .text.iI2C_Receive
                0x00011e78      0x178 Debug/I2C-IO.o
 .text.vI2C_TestTask
                0x00011ff0      0x178 Debug/I2C-IO.o
                0x00011ff0                vI2C_TestTask
 .text.vI2C_SendTask
                0x00012168      0x21c Debug/I2C-IO.o
                0x00012168                vI2C_SendTask
 .text.vPCF_ResetBits
                0x00012384       0x70 Debug/I2C-IO.o
                0x00012384                vPCF_ResetBits
 .text.vPCF_SetBits
                0x000123f4       0x7c Debug/I2C-IO.o
                0x000123f4                vPCF_SetBits
 .text.cI2cGetInput
                0x00012470       0x54 Debug/I2C-IO.o
                0x00012470                cI2cGetInput
 .text          0x000124c4        0x0 Debug/chiller_pump.o
 .text.__enable_irq
                0x000124c4        0xc Debug/chiller_pump.o
 .text.__disable_irq
                0x000124d0        0xc Debug/chiller_pump.o
 .text.__enable_fault_irq
                0x000124dc        0xc Debug/chiller_pump.o
 .text.__disable_fault_irq
                0x000124e8        0xc Debug/chiller_pump.o
 .text.__NOP    0x000124f4        0xc Debug/chiller_pump.o
 .text.__WFI    0x00012500        0xc Debug/chiller_pump.o
 .text.__WFE    0x0001250c        0xc Debug/chiller_pump.o
 .text.__SEV    0x00012518        0xc Debug/chiller_pump.o
 .text.__ISB    0x00012524       0x10 Debug/chiller_pump.o
 .text.__DSB    0x00012534       0x10 Debug/chiller_pump.o
 .text.__DMB    0x00012544       0x10 Debug/chiller_pump.o
 .text.__CLREX  0x00012554       0x10 Debug/chiller_pump.o
 .text.NVIC_SetPriorityGrouping
                0x00012564       0x4c Debug/chiller_pump.o
 .text.NVIC_GetPriorityGrouping
                0x000125b0       0x1c Debug/chiller_pump.o
 .text.NVIC_EnableIRQ
                0x000125cc       0x34 Debug/chiller_pump.o
 .text.NVIC_DisableIRQ
                0x00012600       0x38 Debug/chiller_pump.o
 .text.NVIC_GetPendingIRQ
                0x00012638       0x4c Debug/chiller_pump.o
 .text.NVIC_SetPendingIRQ
                0x00012684       0x38 Debug/chiller_pump.o
 .text.NVIC_ClearPendingIRQ
                0x000126bc       0x38 Debug/chiller_pump.o
 .text.NVIC_GetActive
                0x000126f4       0x4c Debug/chiller_pump.o
 .text.NVIC_SetPriority
                0x00012740       0x58 Debug/chiller_pump.o
 .text.NVIC_GetPriority
                0x00012798       0x54 Debug/chiller_pump.o
 .text.NVIC_EncodePriority
                0x000127ec       0x7c Debug/chiller_pump.o
 .text.NVIC_DecodePriority
                0x00012868       0x7c Debug/chiller_pump.o
 .text.SysTick_Config
                0x000128e4       0x54 Debug/chiller_pump.o
 .text.NVIC_SystemReset
                0x00012938       0x24 Debug/chiller_pump.o
 .text.ITM_SendChar
                0x0001295c       0x60 Debug/chiller_pump.o
 .text.ITM_ReceiveChar
                0x000129bc       0x38 Debug/chiller_pump.o
 .text.ITM_CheckChar
                0x000129f4       0x28 Debug/chiller_pump.o
 .text.vChillerPumpInit
                0x00012a1c       0xa0 Debug/chiller_pump.o
                0x00012a1c                vChillerPumpInit
 .text.vChillerPump
                0x00012abc       0x3c Debug/chiller_pump.o
                0x00012abc                vChillerPump
 .text.vChillerPumpApplet
                0x00012af8      0x14c Debug/chiller_pump.o
                0x00012af8                vChillerPumpApplet
 .text.vChillerPumpAppletDisplay
                0x00012c44      0x114 Debug/chiller_pump.o
                0x00012c44                vChillerPumpAppletDisplay
 .text.iChillerPumpKey
                0x00012d58       0xf8 Debug/chiller_pump.o
                0x00012d58                iChillerPumpKey
 .text          0x00012e50        0x0 Debug/console.o
 .text.__enable_irq
                0x00012e50        0xc Debug/console.o
 .text.__disable_irq
                0x00012e5c        0xc Debug/console.o
 .text.__enable_fault_irq
                0x00012e68        0xc Debug/console.o
 .text.__disable_fault_irq
                0x00012e74        0xc Debug/console.o
 .text.__NOP    0x00012e80        0xc Debug/console.o
 .text.__WFI    0x00012e8c        0xc Debug/console.o
 .text.__WFE    0x00012e98        0xc Debug/console.o
 .text.__SEV    0x00012ea4        0xc Debug/console.o
 .text.__ISB    0x00012eb0       0x10 Debug/console.o
 .text.__DSB    0x00012ec0       0x10 Debug/console.o
 .text.__DMB    0x00012ed0       0x10 Debug/console.o
 .text.__CLREX  0x00012ee0       0x10 Debug/console.o
 .text.NVIC_SetPriorityGrouping
                0x00012ef0       0x4c Debug/console.o
 .text.NVIC_GetPriorityGrouping
                0x00012f3c       0x1c Debug/console.o
 .text.NVIC_EnableIRQ
                0x00012f58       0x34 Debug/console.o
 .text.NVIC_DisableIRQ
                0x00012f8c       0x38 Debug/console.o
 .text.NVIC_GetPendingIRQ
                0x00012fc4       0x4c Debug/console.o
 .text.NVIC_SetPendingIRQ
                0x00013010       0x38 Debug/console.o
 .text.NVIC_ClearPendingIRQ
                0x00013048       0x38 Debug/console.o
 .text.NVIC_GetActive
                0x00013080       0x4c Debug/console.o
 .text.NVIC_SetPriority
                0x000130cc       0x58 Debug/console.o
 .text.NVIC_GetPriority
                0x00013124       0x54 Debug/console.o
 .text.NVIC_EncodePriority
                0x00013178       0x7c Debug/console.o
 .text.NVIC_DecodePriority
                0x000131f4       0x7c Debug/console.o
 .text.SysTick_Config
                0x00013270       0x54 Debug/console.o
 .text.NVIC_SystemReset
                0x000132c4       0x24 Debug/console.o
 .text.ITM_SendChar
                0x000132e8       0x60 Debug/console.o
 .text.ITM_ReceiveChar
                0x00013348       0x38 Debug/console.o
 .text.ITM_CheckChar
                0x00013380       0x28 Debug/console.o
 .text.vConsolePrintTask
                0x000133a8       0x50 Debug/console.o
                0x000133a8                vConsolePrintTask
 .text.vConsolePrint
                0x000133f8       0x4c Debug/console.o
                0x000133f8                vConsolePrint
 .text          0x00013444        0x0 Debug/brew.o
 .text.__enable_irq
                0x00013444        0xc Debug/brew.o
 .text.__disable_irq
                0x00013450        0xc Debug/brew.o
 .text.__enable_fault_irq
                0x0001345c        0xc Debug/brew.o
 .text.__disable_fault_irq
                0x00013468        0xc Debug/brew.o
 .text.__NOP    0x00013474        0xc Debug/brew.o
 .text.__WFI    0x00013480        0xc Debug/brew.o
 .text.__WFE    0x0001348c        0xc Debug/brew.o
 .text.__SEV    0x00013498        0xc Debug/brew.o
 .text.__ISB    0x000134a4       0x10 Debug/brew.o
 .text.__DSB    0x000134b4       0x10 Debug/brew.o
 .text.__DMB    0x000134c4       0x10 Debug/brew.o
 .text.__CLREX  0x000134d4       0x10 Debug/brew.o
 .text.NVIC_SetPriorityGrouping
                0x000134e4       0x4c Debug/brew.o
 .text.NVIC_GetPriorityGrouping
                0x00013530       0x1c Debug/brew.o
 .text.NVIC_EnableIRQ
                0x0001354c       0x34 Debug/brew.o
 .text.NVIC_DisableIRQ
                0x00013580       0x38 Debug/brew.o
 .text.NVIC_GetPendingIRQ
                0x000135b8       0x4c Debug/brew.o
 .text.NVIC_SetPendingIRQ
                0x00013604       0x38 Debug/brew.o
 .text.NVIC_ClearPendingIRQ
                0x0001363c       0x38 Debug/brew.o
 .text.NVIC_GetActive
                0x00013674       0x4c Debug/brew.o
 .text.NVIC_SetPriority
                0x000136c0       0x58 Debug/brew.o
 .text.NVIC_GetPriority
                0x00013718       0x54 Debug/brew.o
 .text.NVIC_EncodePriority
                0x0001376c       0x7c Debug/brew.o
 .text.NVIC_DecodePriority
                0x000137e8       0x7c Debug/brew.o
 .text.SysTick_Config
                0x00013864       0x54 Debug/brew.o
 .text.NVIC_SystemReset
                0x000138b8       0x24 Debug/brew.o
 .text.ITM_SendChar
                0x000138dc       0x60 Debug/brew.o
 .text.ITM_ReceiveChar
                0x0001393c       0x38 Debug/brew.o
 .text.ITM_CheckChar
                0x00013974       0x28 Debug/brew.o
 .text.iBrewStepMonitor
                0x0001399c      0x130 Debug/brew.o
 .text.iMaxBrewSteps
                0x00013acc       0x3c Debug/brew.o
 .text.vBrewTotalReset
                0x00013b08       0xc0 Debug/brew.o
                0x00013b08                vBrewTotalReset
 .text.ucGetBrewHoursElapsed
                0x00013bc8       0x18 Debug/brew.o
                0x00013bc8                ucGetBrewHoursElapsed
 .text.ucGetBrewMinutesElapsed
                0x00013be0       0x18 Debug/brew.o
                0x00013be0                ucGetBrewMinutesElapsed
 .text.ucGetBrewSecondsElapsed
                0x00013bf8       0x18 Debug/brew.o
                0x00013bf8                ucGetBrewSecondsElapsed
 .text.ucGetBrewStepMinutesElapsed
                0x00013c10       0x3c Debug/brew.o
                0x00013c10                ucGetBrewStepMinutesElapsed
 .text.ucGetBrewStepSecondsElapsed
                0x00013c4c       0x4c Debug/brew.o
                0x00013c4c                ucGetBrewStepSecondsElapsed
 .text.ucGetBrewStep
                0x00013c98       0x14 Debug/brew.o
                0x00013c98                ucGetBrewStep
 .text.vTaskBrew
                0x00013cac      0x2f4 Debug/brew.o
                0x00013cac                vTaskBrew
 .text.vBrewReset
                0x00013fa0       0xb8 Debug/brew.o
                0x00013fa0                vBrewReset
 .text.vBrewNextStep
                0x00014058      0x160 Debug/brew.o
                0x00014058                vBrewNextStep
 .text.vBrewRunStep
                0x000141b8       0xbc Debug/brew.o
                0x000141b8                vBrewRunStep
 .text.vBrewHLTSetupFunction
                0x00014274      0x20c Debug/brew.o
                0x00014274                vBrewHLTSetupFunction
 .text.vBrewMillSetupFunction
                0x00014480       0x24 Debug/brew.o
                0x00014480                vBrewMillSetupFunction
 .text.vBrewValvesSetupFunction
                0x000144a4       0x6c Debug/brew.o
                0x000144a4                vBrewValvesSetupFunction
 .text.vBrewBoilValveSetupFunction
                0x00014510       0x88 Debug/brew.o
                0x00014510                vBrewBoilValveSetupFunction
 .text.vBrewCraneSetupFunction
                0x00014598       0x80 Debug/brew.o
                0x00014598                vBrewCraneSetupFunction
 .text.vBrewPreChillSetupFunction
                0x00014618       0x70 Debug/brew.o
                0x00014618                vBrewPreChillSetupFunction
 .text.vBrewChillSetupFunction
                0x00014688       0x9c Debug/brew.o
                0x00014688                vBrewChillSetupFunction
 .text.vBrewPreChillPollFunction
                0x00014724       0xa8 Debug/brew.o
                0x00014724                vBrewPreChillPollFunction
 .text.vBrewChillPollFunction
                0x000147cc       0xe0 Debug/brew.o
                0x000147cc                vBrewChillPollFunction
 .text.vBrewMillPollFunction
                0x000148ac       0x74 Debug/brew.o
                0x000148ac                vBrewMillPollFunction
 .text.vBrewWaitingPollFunction
                0x00014920       0x58 Debug/brew.o
                0x00014920                vBrewWaitingPollFunction
 .text.vBrewMashOutSetupFunction
                0x00014978       0x98 Debug/brew.o
                0x00014978                vBrewMashOutSetupFunction
 .text.vBrewSpargeSetupFunction
                0x00014a10       0x98 Debug/brew.o
                0x00014a10                vBrewSpargeSetupFunction
 .text.vBrewMashSetupFunction
                0x00014aa8       0xf4 Debug/brew.o
                0x00014aa8                vBrewMashSetupFunction
 .text.vBrewMashPollFunction
                0x00014b9c      0x44c Debug/brew.o
                0x00014b9c                vBrewMashPollFunction
 .text.vBrewPumpToBoilSetupFunction
                0x00014fe8       0x74 Debug/brew.o
                0x00014fe8                vBrewPumpToBoilSetupFunction
 .text.vBrewPumpToBoilPollFunction
                0x0001505c       0x88 Debug/brew.o
                0x0001505c                vBrewPumpToBoilPollFunction
 .text.vBrewBoilSetupFunction
                0x000150e4      0x138 Debug/brew.o
                0x000150e4                vBrewBoilSetupFunction
 .text.vBrewBoilPollFunction
                0x0001521c      0x4dc Debug/brew.o
                0x0001521c                vBrewBoilPollFunction
 .text.vBrewApplet
                0x000156f8      0x50c Debug/brew.o
                0x000156f8                vBrewApplet
 .text.vBrewGraphAppletDisplay
                0x00015c04       0x3c Debug/brew.o
                0x00015c04                vBrewGraphAppletDisplay
 .text.vBrewStatsAppletDisplay
                0x00015c40       0x38 Debug/brew.o
                0x00015c40                vBrewStatsAppletDisplay
 .text.vBrewResAppletDisplay
                0x00015c78      0x20c Debug/brew.o
                0x00015c78                vBrewResAppletDisplay
 .text.vBrewAppletDisplay
                0x00015e84      0x728 Debug/brew.o
                0x00015e84                vBrewAppletDisplay
 .text.vBrewRemoteStart
                0x000165ac       0x34 Debug/brew.o
                0x000165ac                vBrewRemoteStart
 .text.uEvaluateTouch
                0x000165e0       0xfc Debug/brew.o
 .text.iBrewKey
                0x000166dc      0x9e4 Debug/brew.o
                0x000166dc                iBrewKey
 .text          0x000170c0        0x0 Debug/parameters.o
 .text.__enable_irq
                0x000170c0        0xc Debug/parameters.o
 .text.__disable_irq
                0x000170cc        0xc Debug/parameters.o
 .text.__enable_fault_irq
                0x000170d8        0xc Debug/parameters.o
 .text.__disable_fault_irq
                0x000170e4        0xc Debug/parameters.o
 .text.__NOP    0x000170f0        0xc Debug/parameters.o
 .text.__WFI    0x000170fc        0xc Debug/parameters.o
 .text.__WFE    0x00017108        0xc Debug/parameters.o
 .text.__SEV    0x00017114        0xc Debug/parameters.o
 .text.__ISB    0x00017120       0x10 Debug/parameters.o
 .text.__DSB    0x00017130       0x10 Debug/parameters.o
 .text.__DMB    0x00017140       0x10 Debug/parameters.o
 .text.__CLREX  0x00017150       0x10 Debug/parameters.o
 .text.NVIC_SetPriorityGrouping
                0x00017160       0x4c Debug/parameters.o
 .text.NVIC_GetPriorityGrouping
                0x000171ac       0x1c Debug/parameters.o
 .text.NVIC_EnableIRQ
                0x000171c8       0x34 Debug/parameters.o
 .text.NVIC_DisableIRQ
                0x000171fc       0x38 Debug/parameters.o
 .text.NVIC_GetPendingIRQ
                0x00017234       0x4c Debug/parameters.o
 .text.NVIC_SetPendingIRQ
                0x00017280       0x38 Debug/parameters.o
 .text.NVIC_ClearPendingIRQ
                0x000172b8       0x38 Debug/parameters.o
 .text.NVIC_GetActive
                0x000172f0       0x4c Debug/parameters.o
 .text.NVIC_SetPriority
                0x0001733c       0x58 Debug/parameters.o
 .text.NVIC_GetPriority
                0x00017394       0x54 Debug/parameters.o
 .text.NVIC_EncodePriority
                0x000173e8       0x7c Debug/parameters.o
 .text.NVIC_DecodePriority
                0x00017464       0x7c Debug/parameters.o
 .text.SysTick_Config
                0x000174e0       0x54 Debug/parameters.o
 .text.NVIC_SystemReset
                0x00017534       0x24 Debug/parameters.o
 .text.ITM_SendChar
                0x00017558       0x60 Debug/parameters.o
 .text.ITM_ReceiveChar
                0x000175b8       0x38 Debug/parameters.o
 .text.ITM_CheckChar
                0x000175f0       0x28 Debug/parameters.o
 .text.vParametersInit
                0x00017618      0x164 Debug/parameters.o
                0x00017618                vParametersInit
 .text.vParametersApplet
                0x0001777c      0x404 Debug/parameters.o
                0x0001777c                vParametersApplet
 .text.vParametersAppletDisplay
                0x00017b80      0x364 Debug/parameters.o
                0x00017b80                vParametersAppletDisplay
 .text.iParametersKey
                0x00017ee4      0x560 Debug/parameters.o
                0x00017ee4                iParametersKey
 .text          0x00018444        0x0 Debug/boil_valve.o
 .text.__enable_irq
                0x00018444        0xc Debug/boil_valve.o
 .text.__disable_irq
                0x00018450        0xc Debug/boil_valve.o
 .text.__enable_fault_irq
                0x0001845c        0xc Debug/boil_valve.o
 .text.__disable_fault_irq
                0x00018468        0xc Debug/boil_valve.o
 .text.__NOP    0x00018474        0xc Debug/boil_valve.o
 .text.__WFI    0x00018480        0xc Debug/boil_valve.o
 .text.__WFE    0x0001848c        0xc Debug/boil_valve.o
 .text.__SEV    0x00018498        0xc Debug/boil_valve.o
 .text.__ISB    0x000184a4       0x10 Debug/boil_valve.o
 .text.__DSB    0x000184b4       0x10 Debug/boil_valve.o
 .text.__DMB    0x000184c4       0x10 Debug/boil_valve.o
 .text.__CLREX  0x000184d4       0x10 Debug/boil_valve.o
 .text.NVIC_SetPriorityGrouping
                0x000184e4       0x4c Debug/boil_valve.o
 .text.NVIC_GetPriorityGrouping
                0x00018530       0x1c Debug/boil_valve.o
 .text.NVIC_EnableIRQ
                0x0001854c       0x34 Debug/boil_valve.o
 .text.NVIC_DisableIRQ
                0x00018580       0x38 Debug/boil_valve.o
 .text.NVIC_GetPendingIRQ
                0x000185b8       0x4c Debug/boil_valve.o
 .text.NVIC_SetPendingIRQ
                0x00018604       0x38 Debug/boil_valve.o
 .text.NVIC_ClearPendingIRQ
                0x0001863c       0x38 Debug/boil_valve.o
 .text.NVIC_GetActive
                0x00018674       0x4c Debug/boil_valve.o
 .text.NVIC_SetPriority
                0x000186c0       0x58 Debug/boil_valve.o
 .text.NVIC_GetPriority
                0x00018718       0x54 Debug/boil_valve.o
 .text.NVIC_EncodePriority
                0x0001876c       0x7c Debug/boil_valve.o
 .text.NVIC_DecodePriority
                0x000187e8       0x7c Debug/boil_valve.o
 .text.SysTick_Config
                0x00018864       0x54 Debug/boil_valve.o
 .text.NVIC_SystemReset
                0x000188b8       0x24 Debug/boil_valve.o
 .text.ITM_SendChar
                0x000188dc       0x60 Debug/boil_valve.o
 .text.ITM_ReceiveChar
                0x0001893c       0x38 Debug/boil_valve.o
 .text.ITM_CheckChar
                0x00018974       0x28 Debug/boil_valve.o
 .text.vBoilValveInit
                0x0001899c       0xb8 Debug/boil_valve.o
                0x0001899c                vBoilValveInit
 .text.vBoilValveFunc
                0x00018a54       0x6c Debug/boil_valve.o
                0x00018a54                vBoilValveFunc
 .text.vTaskBoilValve
                0x00018ac0      0x4a4 Debug/boil_valve.o
                0x00018ac0                vTaskBoilValve
 .text.vBoilValveAppletDisplay
                0x00018f64      0x234 Debug/boil_valve.o
                0x00018f64                vBoilValveAppletDisplay
 .text.vBoilValveApplet
                0x00019198      0x18c Debug/boil_valve.o
                0x00019198                vBoilValveApplet
 .text.iBoilValveKey
                0x00019324      0x17c Debug/boil_valve.o
                0x00019324                iBoilValveKey
 .text          0x000194a0        0x0 Debug/stf_syscalls_minimal.o
 .text.__enable_irq
                0x000194a0        0xc Debug/stf_syscalls_minimal.o
 .text.__disable_irq
                0x000194ac        0xc Debug/stf_syscalls_minimal.o
 .text.__enable_fault_irq
                0x000194b8        0xc Debug/stf_syscalls_minimal.o
 .text.__disable_fault_irq
                0x000194c4        0xc Debug/stf_syscalls_minimal.o
 .text.__NOP    0x000194d0        0xc Debug/stf_syscalls_minimal.o
 .text.__WFI    0x000194dc        0xc Debug/stf_syscalls_minimal.o
 .text.__WFE    0x000194e8        0xc Debug/stf_syscalls_minimal.o
 .text.__SEV    0x000194f4        0xc Debug/stf_syscalls_minimal.o
 .text.__ISB    0x00019500       0x10 Debug/stf_syscalls_minimal.o
 .text.__DSB    0x00019510       0x10 Debug/stf_syscalls_minimal.o
 .text.__DMB    0x00019520       0x10 Debug/stf_syscalls_minimal.o
 .text.__CLREX  0x00019530       0x10 Debug/stf_syscalls_minimal.o
 .text.NVIC_SetPriorityGrouping
                0x00019540       0x4c Debug/stf_syscalls_minimal.o
 .text.NVIC_GetPriorityGrouping
                0x0001958c       0x1c Debug/stf_syscalls_minimal.o
 .text.NVIC_EnableIRQ
                0x000195a8       0x34 Debug/stf_syscalls_minimal.o
 .text.NVIC_DisableIRQ
                0x000195dc       0x38 Debug/stf_syscalls_minimal.o
 .text.NVIC_GetPendingIRQ
                0x00019614       0x4c Debug/stf_syscalls_minimal.o
 .text.NVIC_SetPendingIRQ
                0x00019660       0x38 Debug/stf_syscalls_minimal.o
 .text.NVIC_ClearPendingIRQ
                0x00019698       0x38 Debug/stf_syscalls_minimal.o
 .text.NVIC_GetActive
                0x000196d0       0x4c Debug/stf_syscalls_minimal.o
 .text.NVIC_SetPriority
                0x0001971c       0x58 Debug/stf_syscalls_minimal.o
 .text.NVIC_GetPriority
                0x00019774       0x54 Debug/stf_syscalls_minimal.o
 .text.NVIC_EncodePriority
                0x000197c8       0x7c Debug/stf_syscalls_minimal.o
 .text.NVIC_DecodePriority
                0x00019844       0x7c Debug/stf_syscalls_minimal.o
 .text.SysTick_Config
                0x000198c0       0x54 Debug/stf_syscalls_minimal.o
 .text.NVIC_SystemReset
                0x00019914       0x24 Debug/stf_syscalls_minimal.o
 .text.ITM_SendChar
                0x00019938       0x60 Debug/stf_syscalls_minimal.o
 .text.ITM_ReceiveChar
                0x00019998       0x38 Debug/stf_syscalls_minimal.o
 .text.ITM_CheckChar
                0x000199d0       0x28 Debug/stf_syscalls_minimal.o
 .text._exit    0x000199f8       0x18 Debug/stf_syscalls_minimal.o
                0x000199f8                _exit
 .text._write   0x00019a10       0x3c Debug/stf_syscalls_minimal.o
                0x00019a10                _write